<?xml version="1.0" encoding="ISO-8859-1" ?>
<link_info>
   <banner>TI ARM Linker PC v20.2.6.LTS</banner>
   <copyright>Copyright (c) 1996-2018 Texas Instruments Incorporated</copyright>
   <link_time>0x636ead7f</link_time>
   <link_errors>0x0</link_errors>
   <output_file>phoenix.out</output_file>
   <entry_point>
      <name>Entry</name>
      <address>0x80000000</address>
   </entry_point>
   <input_file_list>
      <input_file id="fl-2">
         <path>.\</path>
         <kind>object</kind>
         <file>dmtimerCounter.obj</file>
         <name>dmtimerCounter.obj</name>
      </input_file>
      <input_file id="fl-3">
         <path>.\</path>
         <kind>object</kind>
         <file>httpd.obj</file>
         <name>httpd.obj</name>
      </input_file>
      <input_file id="fl-4">
         <path>.\</path>
         <kind>object</kind>
         <file>lwiplib.obj</file>
         <name>lwiplib.obj</name>
      </input_file>
      <input_file id="fl-5">
         <path>.\</path>
         <kind>object</kind>
         <file>main.obj</file>
         <name>main.obj</name>
      </input_file>
      <input_file id="fl-d">
         <kind>object</kind>
         <file>&lt;internal&gt;</file>
         <name>&lt;internal&gt;</name>
      </input_file>
      <input_file id="fl-c3">
         <path>C:\ti\ccs1200\ccs\tools\compiler\ti-cgt-arm_20.2.6.LTS\lib\</path>
         <kind>archive</kind>
         <file>rtsv7A8_A_le_eabi.lib</file>
         <name>memcpy32.asm.obj</name>
      </input_file>
      <input_file id="fl-c4">
         <path>C:\ti\ccs1200\ccs\tools\compiler\ti-cgt-arm_20.2.6.LTS\lib\</path>
         <kind>archive</kind>
         <file>rtsv7A8_A_le_eabi.lib</file>
         <name>memset32.asm.obj</name>
      </input_file>
      <input_file id="fl-c5">
         <path>C:\ti\ccs1200\ccs\tools\compiler\ti-cgt-arm_20.2.6.LTS\lib\</path>
         <kind>archive</kind>
         <file>rtsv7A8_A_le_eabi.lib</file>
         <name>i_div32.asm.obj</name>
      </input_file>
      <input_file id="fl-c6">
         <path>C:\ti\ccs1200\ccs\tools\compiler\ti-cgt-arm_20.2.6.LTS\lib\</path>
         <kind>archive</kind>
         <file>rtsv7A8_A_le_eabi.lib</file>
         <name>u_div32.asm.obj</name>
      </input_file>
      <input_file id="fl-c7">
         <path>C:\ti\ccs1200\ccs\tools\compiler\ti-cgt-arm_20.2.6.LTS\lib\</path>
         <kind>archive</kind>
         <file>rtsv7A8_A_le_eabi.lib</file>
         <name>strcmp.c.obj</name>
      </input_file>
      <input_file id="fl-c8">
         <path>C:\ti\ccs1200\ccs\tools\compiler\ti-cgt-arm_20.2.6.LTS\lib\</path>
         <kind>archive</kind>
         <file>rtsv7A8_A_le_eabi.lib</file>
         <name>strlen.c.obj</name>
      </input_file>
      <input_file id="fl-c9">
         <path>C:\ti\ccs1200\ccs\tools\compiler\ti-cgt-arm_20.2.6.LTS\lib\</path>
         <kind>archive</kind>
         <file>rtsv7A8_A_le_eabi.lib</file>
         <name>strncmp.c.obj</name>
      </input_file>
      <input_file id="fl-ca">
         <path>C:\ti\ccs1200\ccs\tools\compiler\ti-cgt-arm_20.2.6.LTS\lib\</path>
         <kind>archive</kind>
         <file>rtsv7A8_A_le_eabi.lib</file>
         <name>div0.asm.obj</name>
      </input_file>
      <input_file id="fl-cb">
         <path>C:\Users\sulavs\Downloads\ti_starterware\binary\armv7a\cgt_ccs\am335x\drivers\Debug\</path>
         <kind>archive</kind>
         <file>drivers.lib</file>
         <name>cpsw.obj</name>
      </input_file>
      <input_file id="fl-cc">
         <path>C:\Users\sulavs\Downloads\ti_starterware\binary\armv7a\cgt_ccs\am335x\drivers\Debug\</path>
         <kind>archive</kind>
         <file>drivers.lib</file>
         <name>dmtimer.obj</name>
      </input_file>
      <input_file id="fl-cd">
         <path>C:\Users\sulavs\Downloads\ti_starterware\binary\armv7a\cgt_ccs\am335x\drivers\Debug\</path>
         <kind>archive</kind>
         <file>drivers.lib</file>
         <name>mdio.obj</name>
      </input_file>
      <input_file id="fl-ce">
         <path>C:\Users\sulavs\Downloads\ti_starterware\binary\armv7a\cgt_ccs\am335x\drivers\Debug\</path>
         <kind>archive</kind>
         <file>drivers.lib</file>
         <name>phy.obj</name>
      </input_file>
      <input_file id="fl-cf">
         <path>C:\Users\sulavs\Downloads\ti_starterware\binary\armv7a\cgt_ccs\am335x\drivers\Debug\</path>
         <kind>archive</kind>
         <file>drivers.lib</file>
         <name>watchdog.obj</name>
      </input_file>
      <input_file id="fl-d0">
         <path>C:\Users\sulavs\Downloads\ti_starterware\binary\armv7a\cgt_ccs\am335x\system_config\Debug\</path>
         <kind>archive</kind>
         <file>system.lib</file>
         <name>cache.obj</name>
      </input_file>
      <input_file id="fl-d1">
         <path>C:\Users\sulavs\Downloads\ti_starterware\binary\armv7a\cgt_ccs\am335x\system_config\Debug\</path>
         <kind>archive</kind>
         <file>system.lib</file>
         <name>cp15.obj</name>
      </input_file>
      <input_file id="fl-d2">
         <path>C:\Users\sulavs\Downloads\ti_starterware\binary\armv7a\cgt_ccs\am335x\system_config\Debug\</path>
         <kind>archive</kind>
         <file>system.lib</file>
         <name>init.obj</name>
      </input_file>
      <input_file id="fl-d3">
         <path>C:\Users\sulavs\Downloads\ti_starterware\binary\armv7a\cgt_ccs\am335x\system_config\Debug\</path>
         <kind>archive</kind>
         <file>system.lib</file>
         <name>interrupt.obj</name>
      </input_file>
      <input_file id="fl-d4">
         <path>C:\Users\sulavs\Downloads\ti_starterware\binary\armv7a\cgt_ccs\am335x\system_config\Debug\</path>
         <kind>archive</kind>
         <file>system.lib</file>
         <name>mmu.obj</name>
      </input_file>
      <input_file id="fl-d5">
         <path>C:\Users\sulavs\Downloads\ti_starterware\binary\armv7a\cgt_ccs\am335x\system_config\Debug\</path>
         <kind>archive</kind>
         <file>system.lib</file>
         <name>startup.obj</name>
      </input_file>
      <input_file id="fl-d6">
         <path>C:\Users\sulavs\Downloads\ti_starterware\binary\armv7a\cgt_ccs\am335x\system_config\Debug\</path>
         <kind>archive</kind>
         <file>system.lib</file>
         <name>cpu.obj</name>
      </input_file>
      <input_file id="fl-d7">
         <path>C:\Users\sulavs\Downloads\ti_starterware\binary\armv7a\cgt_ccs\am335x\system_config\Debug\</path>
         <kind>archive</kind>
         <file>system.lib</file>
         <name>exceptionhandler.obj</name>
      </input_file>
      <input_file id="fl-d8">
         <path>C:\Users\sulavs\Downloads\ti_starterware\binary\armv7a\cgt_ccs\am335x\beaglebone\platform\Debug\</path>
         <kind>archive</kind>
         <file>platform.lib</file>
         <name>cpsw.obj</name>
      </input_file>
      <input_file id="fl-d9">
         <path>C:\Users\sulavs\Downloads\ti_starterware\binary\armv7a\cgt_ccs\am335x\beaglebone\platform\Debug\</path>
         <kind>archive</kind>
         <file>platform.lib</file>
         <name>dmtimer.obj</name>
      </input_file>
      <input_file id="fl-da">
         <path>C:\Users\sulavs\Downloads\ti_starterware\binary\armv7a\cgt_ccs\utils\Debug\</path>
         <kind>archive</kind>
         <file>utils.lib</file>
         <name>consoleUtils.obj</name>
      </input_file>
      <input_file id="fl-db">
         <path>C:\Users\sulavs\Downloads\ti_starterware\binary\armv7a\cgt_ccs\utils\Debug\</path>
         <kind>archive</kind>
         <file>utils.lib</file>
         <name>delay.obj</name>
      </input_file>
      <input_file id="fl-dc">
         <path>C:\Users\sulavs\Downloads\ti_starterware\binary\armv7a\cgt_ccs\utils\Debug\</path>
         <kind>archive</kind>
         <file>utils.lib</file>
         <name>uartStdio.obj</name>
      </input_file>
      <input_file id="fl-dd">
         <path>C:\Users\sulavs\Downloads\ti_starterware\binary\armv7a\cgt_ccs\utils\Debug\</path>
         <kind>archive</kind>
         <file>utils.lib</file>
         <name>ascii.obj</name>
      </input_file>
      <input_file id="fl-de">
         <path>C:\ti\ccs1200\ccs\tools\compiler\ti-cgt-arm_20.2.6.LTS\lib\</path>
         <kind>archive</kind>
         <file>rtsv7A8_A_le_eabi.lib</file>
         <name>boot_non_cortex_m.asm.obj</name>
      </input_file>
      <input_file id="fl-df">
         <path>C:\ti\ccs1200\ccs\tools\compiler\ti-cgt-arm_20.2.6.LTS\lib\</path>
         <kind>archive</kind>
         <file>rtsv7A8_A_le_eabi.lib</file>
         <name>mpu_init.c.obj</name>
      </input_file>
      <input_file id="fl-e0">
         <path>C:\ti\ccs1200\ccs\tools\compiler\ti-cgt-arm_20.2.6.LTS\lib\</path>
         <kind>archive</kind>
         <file>rtsv7A8_A_le_eabi.lib</file>
         <name>autoinit.c.obj</name>
      </input_file>
      <input_file id="fl-e1">
         <path>C:\ti\ccs1200\ccs\tools\compiler\ti-cgt-arm_20.2.6.LTS\lib\</path>
         <kind>archive</kind>
         <file>rtsv7A8_A_le_eabi.lib</file>
         <name>pre_init.c.obj</name>
      </input_file>
      <input_file id="fl-e2">
         <path>C:\ti\ccs1200\ccs\tools\compiler\ti-cgt-arm_20.2.6.LTS\lib\</path>
         <kind>archive</kind>
         <file>rtsv7A8_A_le_eabi.lib</file>
         <name>cpy_tbl.c.obj</name>
      </input_file>
      <input_file id="fl-e3">
         <path>C:\ti\ccs1200\ccs\tools\compiler\ti-cgt-arm_20.2.6.LTS\lib\</path>
         <kind>archive</kind>
         <file>rtsv7A8_A_le_eabi.lib</file>
         <name>exit.c.obj</name>
      </input_file>
      <input_file id="fl-e4">
         <path>C:\ti\ccs1200\ccs\tools\compiler\ti-cgt-arm_20.2.6.LTS\lib\</path>
         <kind>archive</kind>
         <file>rtsv7A8_A_le_eabi.lib</file>
         <name>_lock.c.obj</name>
      </input_file>
      <input_file id="fl-e5">
         <path>C:\ti\ccs1200\ccs\tools\compiler\ti-cgt-arm_20.2.6.LTS\lib\</path>
         <kind>archive</kind>
         <file>rtsv7A8_A_le_eabi.lib</file>
         <name>args_main.c.obj</name>
      </input_file>
      <input_file id="fl-e6">
         <path>C:\Users\sulavs\Downloads\ti_starterware\binary\armv7a\cgt_ccs\am335x\beaglebone\platform\Debug\</path>
         <kind>archive</kind>
         <file>platform.lib</file>
         <name>sysdelay.obj</name>
      </input_file>
      <input_file id="fl-e7">
         <path>C:\Users\sulavs\Downloads\ti_starterware\binary\armv7a\cgt_ccs\am335x\beaglebone\platform\Debug\</path>
         <kind>archive</kind>
         <file>platform.lib</file>
         <name>uartConsole.obj</name>
      </input_file>
      <input_file id="fl-e8">
         <path>C:\Users\sulavs\Downloads\ti_starterware\binary\armv7a\cgt_ccs\am335x\beaglebone\platform\Debug\</path>
         <kind>archive</kind>
         <file>platform.lib</file>
         <name>uart.obj</name>
      </input_file>
      <input_file id="fl-e9">
         <path>C:\Users\sulavs\Downloads\ti_starterware\binary\armv7a\cgt_ccs\am335x\drivers\Debug\</path>
         <kind>archive</kind>
         <file>drivers.lib</file>
         <name>uart_irda_cir.obj</name>
      </input_file>
   </input_file_list>
   <object_component_list>
      <object_component id="oc-c">
         <name>.text:Entry</name>
         <load_address>0x80000000</load_address>
         <run_address>0x80000000</run_address>
         <size>0xd0</size>
         <input_file_ref idref="fl-d2"/>
      </object_component>
      <object_component id="oc-379">
         <name>.tramp.__TI_auto_init_nobinit_nopinit.1</name>
         <load_address>0x800000d0</load_address>
         <run_address>0x800000d0</run_address>
         <size>0x8</size>
         <input_file_ref idref="fl-e0"/>
      </object_component>
      <object_component id="oc-81">
         <name>.text</name>
         <load_address>0x80079480</load_address>
         <run_address>0x80079480</run_address>
         <size>0x10f08</size>
         <input_file_ref idref="fl-4"/>
      </object_component>
      <object_component id="oc-304">
         <name>.text</name>
         <load_address>0x8008a388</load_address>
         <run_address>0x8008a388</run_address>
         <size>0x1d10</size>
         <input_file_ref idref="fl-e9"/>
      </object_component>
      <object_component id="oc-106">
         <name>.text</name>
         <load_address>0x8008c098</load_address>
         <run_address>0x8008c098</run_address>
         <size>0x19f8</size>
         <input_file_ref idref="fl-dc"/>
      </object_component>
      <object_component id="oc-16e">
         <name>.text</name>
         <load_address>0x8008da90</load_address>
         <run_address>0x8008da90</run_address>
         <size>0x13a4</size>
         <input_file_ref idref="fl-cb"/>
      </object_component>
      <object_component id="oc-4c">
         <name>.text</name>
         <load_address>0x8008ee34</load_address>
         <run_address>0x8008ee34</run_address>
         <size>0x864</size>
         <input_file_ref idref="fl-5"/>
      </object_component>
      <object_component id="oc-9f">
         <name>.text</name>
         <load_address>0x8008f698</load_address>
         <run_address>0x8008f698</run_address>
         <size>0x7a0</size>
         <input_file_ref idref="fl-3"/>
      </object_component>
      <object_component id="oc-1ff">
         <name>.text</name>
         <load_address>0x8008fe38</load_address>
         <run_address>0x8008fe38</run_address>
         <size>0x780</size>
         <input_file_ref idref="fl-d9"/>
      </object_component>
      <object_component id="oc-205">
         <name>.text</name>
         <load_address>0x800905b8</load_address>
         <run_address>0x800905b8</run_address>
         <size>0x69c</size>
         <input_file_ref idref="fl-cc"/>
      </object_component>
      <object_component id="oc-25e">
         <name>.text</name>
         <load_address>0x80090c54</load_address>
         <run_address>0x80090c54</run_address>
         <size>0x638</size>
         <input_file_ref idref="fl-dd"/>
      </object_component>
      <object_component id="oc-17d">
         <name>.text</name>
         <load_address>0x8009128c</load_address>
         <run_address>0x8009128c</run_address>
         <size>0x49c</size>
         <input_file_ref idref="fl-ce"/>
      </object_component>
      <object_component id="oc-52">
         <name>.text</name>
         <load_address>0x80091728</load_address>
         <run_address>0x80091728</run_address>
         <size>0x488</size>
         <input_file_ref idref="fl-d1"/>
      </object_component>
      <object_component id="oc-ab">
         <name>.text</name>
         <load_address>0x80091bb0</load_address>
         <run_address>0x80091bb0</run_address>
         <size>0x3e4</size>
         <input_file_ref idref="fl-d3"/>
      </object_component>
      <object_component id="oc-93">
         <name>.text</name>
         <load_address>0x80091f94</load_address>
         <run_address>0x80091f94</run_address>
         <size>0x388</size>
         <input_file_ref idref="fl-cf"/>
      </object_component>
      <object_component id="oc-76">
         <name>.text</name>
         <load_address>0x8009231c</load_address>
         <run_address>0x8009231c</run_address>
         <size>0x280</size>
         <input_file_ref idref="fl-da"/>
      </object_component>
      <object_component id="oc-30a">
         <name>.text</name>
         <load_address>0x8009259c</load_address>
         <run_address>0x8009259c</run_address>
         <size>0x270</size>
         <input_file_ref idref="fl-e8"/>
      </object_component>
      <object_component id="oc-8d">
         <name>.text</name>
         <load_address>0x8009280c</load_address>
         <run_address>0x8009280c</run_address>
         <size>0x210</size>
         <input_file_ref idref="fl-d8"/>
      </object_component>
      <object_component id="oc-177">
         <name>.text</name>
         <load_address>0x80092a1c</load_address>
         <run_address>0x80092a1c</run_address>
         <size>0x1bc</size>
         <input_file_ref idref="fl-cd"/>
      </object_component>
      <object_component id="oc-7c">
         <name>.text</name>
         <load_address>0x80092bd8</load_address>
         <run_address>0x80092bd8</run_address>
         <size>0x180</size>
         <input_file_ref idref="fl-c3"/>
      </object_component>
      <object_component id="oc-1e2">
         <name>.text</name>
         <load_address>0x80092d58</load_address>
         <run_address>0x80092d58</run_address>
         <size>0x170</size>
         <input_file_ref idref="fl-e6"/>
      </object_component>
      <object_component id="oc-70">
         <name>.text</name>
         <load_address>0x80092ec8</load_address>
         <run_address>0x80092ec8</run_address>
         <size>0x170</size>
         <input_file_ref idref="fl-d4"/>
      </object_component>
      <object_component id="oc-258">
         <name>.text</name>
         <load_address>0x80093038</load_address>
         <run_address>0x80093038</run_address>
         <size>0x14c</size>
         <input_file_ref idref="fl-e7"/>
      </object_component>
      <object_component id="oc-87">
         <name>.text</name>
         <load_address>0x80093184</load_address>
         <run_address>0x80093184</run_address>
         <size>0x130</size>
         <input_file_ref idref="fl-d0"/>
      </object_component>
      <object_component id="oc-11c">
         <name>.text</name>
         <load_address>0x800932b4</load_address>
         <run_address>0x800932b4</run_address>
         <size>0x114</size>
         <input_file_ref idref="fl-c5"/>
      </object_component>
      <object_component id="oc-e8">
         <name>.text</name>
         <load_address>0x800933c8</load_address>
         <run_address>0x800933c8</run_address>
         <size>0x10c</size>
         <input_file_ref idref="fl-d7"/>
      </object_component>
      <object_component id="oc-a5">
         <name>.text</name>
         <load_address>0x800934d4</load_address>
         <run_address>0x800934d4</run_address>
         <size>0xf4</size>
         <input_file_ref idref="fl-2"/>
      </object_component>
      <object_component id="oc-126">
         <name>.text</name>
         <load_address>0x800935c8</load_address>
         <run_address>0x800935c8</run_address>
         <size>0xf0</size>
         <input_file_ref idref="fl-c6"/>
      </object_component>
      <object_component id="oc-121">
         <name>.text</name>
         <load_address>0x800936b8</load_address>
         <run_address>0x800936b8</run_address>
         <size>0xb0</size>
         <input_file_ref idref="fl-c4"/>
      </object_component>
      <object_component id="oc-15">
         <name>.text</name>
         <load_address>0x80093768</load_address>
         <run_address>0x80093768</run_address>
         <size>0x7c</size>
         <input_file_ref idref="fl-d5"/>
      </object_component>
      <object_component id="oc-1c">
         <name>.text:__TI_auto_init_nobinit_nopinit:__TI_auto_init_nobinit_nopinit</name>
         <load_address>0x800937e4</load_address>
         <run_address>0x800937e4</run_address>
         <size>0x68</size>
         <input_file_ref idref="fl-e0"/>
      </object_component>
      <object_component id="oc-20c">
         <name>.text</name>
         <load_address>0x8009384c</load_address>
         <run_address>0x8009384c</run_address>
         <size>0x60</size>
         <input_file_ref idref="fl-d6"/>
      </object_component>
      <object_component id="oc-99">
         <name>.text</name>
         <load_address>0x800938ac</load_address>
         <run_address>0x800938ac</run_address>
         <size>0x4c</size>
         <input_file_ref idref="fl-db"/>
      </object_component>
      <object_component id="oc-1ef">
         <name>.text:strncmp</name>
         <load_address>0x800938f8</load_address>
         <run_address>0x800938f8</run_address>
         <size>0x34</size>
         <input_file_ref idref="fl-c9"/>
      </object_component>
      <object_component id="oc-1e9">
         <name>.text:strcmp</name>
         <load_address>0x8009392c</load_address>
         <run_address>0x8009392c</run_address>
         <size>0x28</size>
         <input_file_ref idref="fl-c7"/>
      </object_component>
      <object_component id="oc-14b">
         <name>.text:strlen</name>
         <load_address>0x80093954</load_address>
         <run_address>0x80093954</run_address>
         <size>0x1c</size>
         <input_file_ref idref="fl-c8"/>
      </object_component>
      <object_component id="oc-212">
         <name>.text:CPUIntStatus</name>
         <load_address>0x80093970</load_address>
         <run_address>0x80093970</run_address>
         <size>0xc</size>
         <input_file_ref idref="fl-d6"/>
      </object_component>
      <object_component id="oc-277">
         <name>.text</name>
         <load_address>0x8009397c</load_address>
         <run_address>0x8009397c</run_address>
         <size>0x4</size>
         <input_file_ref idref="fl-ca"/>
      </object_component>
      <object_component id="oc-136">
         <name>.data</name>
         <load_address>0x80001124</load_address>
         <run_address>0x80001124</run_address>
         <size>0x14</size>
         <input_file_ref idref="fl-4"/>
      </object_component>
      <object_component id="oc-2e1">
         <name>.data</name>
         <load_address>0x80001138</load_address>
         <run_address>0x80001138</run_address>
         <size>0x4</size>
         <input_file_ref idref="fl-e6"/>
      </object_component>
      <object_component id="oc-137">
         <name>.bss</name>
         <uninitialized>true</uninitialized>
         <run_address>0x800739d4</run_address>
         <size>0x33</size>
         <input_file_ref idref="fl-4"/>
      </object_component>
      <object_component id="oc-13f">
         <name>.bss:memp_tab</name>
         <uninitialized>true</uninitialized>
         <run_address>0x80073a50</run_address>
         <size>0x1c</size>
         <input_file_ref idref="fl-4"/>
      </object_component>
      <object_component id="oc-163">
         <name>.bss:inseg</name>
         <uninitialized>true</uninitialized>
         <run_address>0x80073a90</run_address>
         <size>0x10</size>
         <input_file_ref idref="fl-4"/>
      </object_component>
      <object_component id="oc-16b">
         <name>.bss:arp_table</name>
         <uninitialized>true</uninitialized>
         <run_address>0x8007372c</run_address>
         <size>0xa0</size>
         <input_file_ref idref="fl-4"/>
      </object_component>
      <object_component id="oc-186">
         <name>.bss:cpsw_inst_data</name>
         <uninitialized>true</uninitialized>
         <run_address>0x80073924</run_address>
         <size>0x5c</size>
         <input_file_ref idref="fl-4"/>
      </object_component>
      <object_component id="oc-189">
         <name>.bss:locatorData</name>
         <uninitialized>true</uninitialized>
         <run_address>0x80073980</run_address>
         <size>0x54</size>
         <input_file_ref idref="fl-4"/>
      </object_component>
      <object_component id="oc-18c">
         <name>.bss:cpswNetIF</name>
         <uninitialized>true</uninitialized>
         <run_address>0x800738bc</run_address>
         <size>0x68</size>
         <input_file_ref idref="fl-4"/>
      </object_component>
      <object_component id="oc-18f">
         <name>.bss:cpswPortIf</name>
         <uninitialized>true</uninitialized>
         <run_address>0x80073a30</run_address>
         <size>0x20</size>
         <input_file_ref idref="fl-4"/>
      </object_component>
      <object_component id="oc-16a">
         <name>.bss:str$5</name>
         <uninitialized>true</uninitialized>
         <run_address>0x80073aa0</run_address>
         <size>0x10</size>
         <input_file_ref idref="fl-4"/>
      </object_component>
      <object_component id="oc-b4">
         <name>.bss:pageTable</name>
         <uninitialized>true</uninitialized>
         <run_address>0x80074000</run_address>
         <size>0x4000</size>
         <input_file_ref idref="fl-5"/>
      </object_component>
      <object_component id="oc-d5">
         <name>.bss:cpswPhyParam</name>
         <uninitialized>true</uninitialized>
         <run_address>0x80073a6c</run_address>
         <size>0x14</size>
         <input_file_ref idref="fl-5"/>
      </object_component>
      <object_component id="oc-d2">
         <name>.bss:cpswConfig</name>
         <uninitialized>true</uninitialized>
         <run_address>0x80073a80</run_address>
         <size>0x10</size>
         <input_file_ref idref="fl-5"/>
      </object_component>
      <object_component id="oc-10c">
         <name>.bss</name>
         <uninitialized>true</uninitialized>
         <run_address>0x80073a07</run_address>
         <size>0x1</size>
         <input_file_ref idref="fl-da"/>
      </object_component>
      <object_component id="oc-131">
         <name>.common:dhcp_rx_options_val</name>
         <uninitialized>true</uninitialized>
         <run_address>0x80073a08</run_address>
         <size>0x28</size>
      </object_component>
      <object_component id="oc-12e">
         <name>.common:dhcp_rx_options_given</name>
         <uninitialized>true</uninitialized>
         <run_address>0x80073ab0</run_address>
         <size>0xc</size>
      </object_component>
      <object_component id="oc-13a">
         <name>.common:ram_heap</name>
         <uninitialized>true</uninitialized>
         <run_address>0x80052c00</run_address>
         <size>0x2001c</size>
      </object_component>
      <object_component id="oc-2b3">
         <name>.common:memp_memory_RAW_PCB_base</name>
         <uninitialized>true</uninitialized>
         <run_address>0x8007384c</run_address>
         <size>0x70</size>
      </object_component>
      <object_component id="oc-2b4">
         <name>.common:memp_memory_UDP_PCB_base</name>
         <uninitialized>true</uninitialized>
         <run_address>0x800737cc</run_address>
         <size>0x80</size>
      </object_component>
      <object_component id="oc-2b5">
         <name>.common:memp_memory_TCP_PCB_base</name>
         <uninitialized>true</uninitialized>
         <run_address>0x80078000</run_address>
         <size>0x1480</size>
      </object_component>
      <object_component id="oc-2b6">
         <name>.common:memp_memory_TCP_PCB_LISTEN_base</name>
         <uninitialized>true</uninitialized>
         <run_address>0x8007352c</run_address>
         <size>0x100</size>
      </object_component>
      <object_component id="oc-2b7">
         <name>.common:memp_memory_TCP_SEG_base</name>
         <uninitialized>true</uninitialized>
         <run_address>0x8007362c</run_address>
         <size>0x100</size>
      </object_component>
      <object_component id="oc-2b8">
         <name>.common:memp_memory_PBUF_base</name>
         <uninitialized>true</uninitialized>
         <run_address>0x80072c1c</run_address>
         <size>0x600</size>
      </object_component>
      <object_component id="oc-2b9">
         <name>.common:memp_memory_PBUF_POOL_base</name>
         <uninitialized>true</uninitialized>
         <run_address>0x80004000</run_address>
         <size>0x4ec00</size>
      </object_component>
      <object_component id="oc-135">
         <name>.common:netif_list</name>
         <uninitialized>true</uninitialized>
         <run_address>0x80073ad0</run_address>
         <size>0x4</size>
      </object_component>
      <object_component id="oc-148">
         <name>.common:netif_default</name>
         <uninitialized>true</uninitialized>
         <run_address>0x80073acc</run_address>
         <size>0x4</size>
      </object_component>
      <object_component id="oc-13b">
         <name>.common:lwip_stats</name>
         <uninitialized>true</uninitialized>
         <run_address>0x8007341c</run_address>
         <size>0x110</size>
      </object_component>
      <object_component id="oc-159">
         <name>.common:tcp_ticks</name>
         <uninitialized>true</uninitialized>
         <run_address>0x80073ae4</run_address>
         <size>0x4</size>
      </object_component>
      <object_component id="oc-155">
         <name>.common:tcp_bound_pcbs</name>
         <uninitialized>true</uninitialized>
         <run_address>0x80073ad8</run_address>
         <size>0x4</size>
      </object_component>
      <object_component id="oc-14a">
         <name>.common:tcp_listen_pcbs</name>
         <uninitialized>true</uninitialized>
         <run_address>0x80073ae0</run_address>
         <size>0x4</size>
      </object_component>
      <object_component id="oc-149">
         <name>.common:tcp_active_pcbs</name>
         <uninitialized>true</uninitialized>
         <run_address>0x80073ad4</run_address>
         <size>0x4</size>
      </object_component>
      <object_component id="oc-154">
         <name>.common:tcp_tw_pcbs</name>
         <uninitialized>true</uninitialized>
         <run_address>0x80073aec</run_address>
         <size>0x4</size>
      </object_component>
      <object_component id="oc-153">
         <name>.common:tcp_tmp_pcb</name>
         <uninitialized>true</uninitialized>
         <run_address>0x80073ae8</run_address>
         <size>0x4</size>
      </object_component>
      <object_component id="oc-166">
         <name>.common:tcp_input_pcb</name>
         <uninitialized>true</uninitialized>
         <run_address>0x80073adc</run_address>
         <size>0x4</size>
      </object_component>
      <object_component id="oc-167">
         <name>.common:udp_pcbs</name>
         <uninitialized>true</uninitialized>
         <run_address>0x80073af0</run_address>
         <size>0x4</size>
      </object_component>
      <object_component id="oc-168">
         <name>.common:current_netif</name>
         <uninitialized>true</uninitialized>
         <run_address>0x80073ac8</run_address>
         <size>0x4</size>
      </object_component>
      <object_component id="oc-169">
         <name>.common:current_header</name>
         <uninitialized>true</uninitialized>
         <run_address>0x80073abc</run_address>
         <size>0x4</size>
      </object_component>
      <object_component id="oc-152">
         <name>.common:current_iphdr_src</name>
         <uninitialized>true</uninitialized>
         <run_address>0x80073ac4</run_address>
         <size>0x4</size>
      </object_component>
      <object_component id="oc-151">
         <name>.common:current_iphdr_dest</name>
         <uninitialized>true</uninitialized>
         <run_address>0x80073ac0</run_address>
         <size>0x4</size>
      </object_component>
      <object_component id="oc-213">
         <name>.common:fnRAMVectors</name>
         <uninitialized>true</uninitialized>
         <run_address>0x8007321c</run_address>
         <size>0x200</size>
      </object_component>
      <object_component id="oc-2ec">
         <name>.const:.string:data__index_html</name>
         <load_address>0x800000d8</load_address>
         <run_address>0x800000d8</run_address>
         <size>0x6a6</size>
         <input_file_ref idref="fl-3"/>
      </object_component>
      <object_component id="oc-34c">
         <name>.const:.string:data__img_sics_gif</name>
         <load_address>0x8000077e</load_address>
         <run_address>0x8000077e</run_address>
         <size>0x34f</size>
         <input_file_ref idref="fl-3"/>
      </object_component>
      <object_component id="oc-335">
         <name>.const:.string:data__404_html</name>
         <load_address>0x80000acd</load_address>
         <run_address>0x80000acd</run_address>
         <size>0x2b8</size>
         <input_file_ref idref="fl-3"/>
      </object_component>
      <object_component id="oc-2c6">
         <name>.const:.string</name>
         <load_address>0x80000d88</load_address>
         <run_address>0x80000d88</run_address>
         <size>0x78</size>
         <input_file_ref idref="fl-4"/>
      </object_component>
      <object_component id="oc-c6">
         <name>.const:.string:$P$T6$7</name>
         <load_address>0x80000e00</load_address>
         <run_address>0x80000e00</run_address>
         <size>0x47</size>
         <input_file_ref idref="fl-5"/>
      </object_component>
      <object_component id="oc-c3">
         <name>.const:.string:$P$T5$6</name>
         <load_address>0x80000e47</load_address>
         <run_address>0x80000e47</run_address>
         <size>0x46</size>
         <input_file_ref idref="fl-5"/>
      </object_component>
      <object_component id="oc-c9">
         <name>.const:.string:$P$T7$8</name>
         <load_address>0x80000e8d</load_address>
         <run_address>0x80000e8d</run_address>
         <size>0x44</size>
         <input_file_ref idref="fl-5"/>
      </object_component>
      <object_component id="oc-c0">
         <name>.const:.string:$P$T4$5</name>
         <load_address>0x80000ed1</load_address>
         <run_address>0x80000ed1</run_address>
         <size>0x41</size>
         <input_file_ref idref="fl-5"/>
      </object_component>
      <object_component id="oc-cc">
         <name>.const:.string:$P$T8$9</name>
         <load_address>0x80000f12</load_address>
         <run_address>0x80000f12</run_address>
         <size>0x3d</size>
         <input_file_ref idref="fl-5"/>
      </object_component>
      <object_component id="oc-57">
         <name>.const:vecTbl</name>
         <load_address>0x80000f50</load_address>
         <run_address>0x80000f50</run_address>
         <size>0x38</size>
         <input_file_ref idref="fl-d5"/>
      </object_component>
      <object_component id="oc-cf">
         <name>.const:.string:$P$T9$10</name>
         <load_address>0x80000f88</load_address>
         <run_address>0x80000f88</run_address>
         <size>0x34</size>
         <input_file_ref idref="fl-5"/>
      </object_component>
      <object_component id="oc-160">
         <name>.const:tcp_state_str</name>
         <load_address>0x80000fbc</load_address>
         <run_address>0x80000fbc</run_address>
         <size>0x2c</size>
         <input_file_ref idref="fl-4"/>
      </object_component>
      <object_component id="oc-b1">
         <name>.const:$P$T0$1</name>
         <load_address>0x80000fe8</load_address>
         <run_address>0x80000fe8</run_address>
         <size>0x1c</size>
         <input_file_ref idref="fl-5"/>
      </object_component>
      <object_component id="oc-b7">
         <name>.const:$P$T1$2</name>
         <load_address>0x80001004</load_address>
         <run_address>0x80001004</run_address>
         <size>0x1c</size>
         <input_file_ref idref="fl-5"/>
      </object_component>
      <object_component id="oc-ba">
         <name>.const:$P$T2$3</name>
         <load_address>0x80001020</load_address>
         <run_address>0x80001020</run_address>
         <size>0x1c</size>
         <input_file_ref idref="fl-5"/>
      </object_component>
      <object_component id="oc-142">
         <name>.const:memp_bases</name>
         <load_address>0x8000103c</load_address>
         <run_address>0x8000103c</run_address>
         <size>0x1c</size>
         <input_file_ref idref="fl-4"/>
      </object_component>
      <object_component id="oc-bd">
         <name>.const:.string:$P$T3$4</name>
         <load_address>0x80001058</load_address>
         <run_address>0x80001058</run_address>
         <size>0x19</size>
         <input_file_ref idref="fl-5"/>
      </object_component>
      <object_component id="oc-313">
         <name>.const:.string</name>
         <load_address>0x80001074</load_address>
         <run_address>0x80001074</run_address>
         <size>0x14</size>
         <input_file_ref idref="fl-dc"/>
      </object_component>
      <object_component id="oc-2e9">
         <name>.const:file__404_html</name>
         <load_address>0x80001088</load_address>
         <run_address>0x80001088</run_address>
         <size>0x14</size>
         <input_file_ref idref="fl-3"/>
      </object_component>
      <object_component id="oc-332">
         <name>.const:file__img_sics_gif</name>
         <load_address>0x8000109c</load_address>
         <run_address>0x8000109c</run_address>
         <size>0x14</size>
         <input_file_ref idref="fl-3"/>
      </object_component>
      <object_component id="oc-1f5">
         <name>.const:file__index_html</name>
         <load_address>0x800010b0</load_address>
         <run_address>0x800010b0</run_address>
         <size>0x14</size>
         <input_file_ref idref="fl-3"/>
      </object_component>
      <object_component id="oc-156">
         <name>.const:tcp_pcb_lists</name>
         <load_address>0x800010c4</load_address>
         <run_address>0x800010c4</run_address>
         <size>0x10</size>
         <input_file_ref idref="fl-4"/>
      </object_component>
      <object_component id="oc-13c">
         <name>.const:memp_num</name>
         <load_address>0x800010d4</load_address>
         <run_address>0x800010d4</run_address>
         <size>0xe</size>
         <input_file_ref idref="fl-4"/>
      </object_component>
      <object_component id="oc-145">
         <name>.const:memp_sizes</name>
         <load_address>0x800010e2</load_address>
         <run_address>0x800010e2</run_address>
         <size>0xe</size>
         <input_file_ref idref="fl-4"/>
      </object_component>
      <object_component id="oc-15d">
         <name>.const:.string:tcp_backoff</name>
         <load_address>0x800010f0</load_address>
         <run_address>0x800010f0</run_address>
         <size>0xd</size>
         <input_file_ref idref="fl-4"/>
      </object_component>
      <object_component id="oc-15a">
         <name>.const:.string:tcp_persist_backoff</name>
         <load_address>0x800010fd</load_address>
         <run_address>0x800010fd</run_address>
         <size>0x7</size>
         <input_file_ref idref="fl-4"/>
      </object_component>
      <object_component id="oc-174">
         <name>.const:ethbroadcast</name>
         <load_address>0x80001104</load_address>
         <run_address>0x80001104</run_address>
         <size>0x6</size>
         <input_file_ref idref="fl-4"/>
      </object_component>
      <object_component id="oc-183">
         <name>.const:ethzero</name>
         <load_address>0x8000110a</load_address>
         <run_address>0x8000110a</run_address>
         <size>0x6</size>
         <input_file_ref idref="fl-4"/>
      </object_component>
      <object_component id="oc-d8">
         <name>.const:.string:$P$T10$11</name>
         <load_address>0x80001110</load_address>
         <run_address>0x80001110</run_address>
         <size>0x5</size>
         <input_file_ref idref="fl-5"/>
      </object_component>
      <object_component id="oc-12b">
         <name>.const:ip_addr_any</name>
         <load_address>0x80001118</load_address>
         <run_address>0x80001118</run_address>
         <size>0x4</size>
         <input_file_ref idref="fl-4"/>
      </object_component>
      <object_component id="oc-132">
         <name>.const:ip_addr_broadcast</name>
         <load_address>0x8000111c</load_address>
         <run_address>0x8000111c</run_address>
         <size>0x4</size>
         <input_file_ref idref="fl-4"/>
      </object_component>
      <object_component id="oc-264">
         <name>.const</name>
         <load_address>0x80001120</load_address>
         <run_address>0x80001120</run_address>
         <size>0x4</size>
         <input_file_ref idref="fl-dc"/>
      </object_component>
      <object_component id="oc-13">
         <name>.stack</name>
         <uninitialized>true</uninitialized>
         <run_address>0x87fffff0</run_address>
         <size>0x0</size>
         <input_file_ref idref="fl-de"/>
      </object_component>
      <object_component id="oc-378">
         <name>.stack</name>
         <uninitialized>true</uninitialized>
         <run_address>0x87fffff0</run_address>
         <size>0x0</size>
      </object_component>
      <object_component id="oc-303">
         <name>.debug_info</name>
         <load_address>0x0</load_address>
         <run_address>0x0</run_address>
         <size>0x417</size>
         <input_file_ref idref="fl-2"/>
      </object_component>
      <object_component id="oc-a6">
         <name>.debug_info</name>
         <load_address>0x417</load_address>
         <run_address>0x417</run_address>
         <size>0x3e0</size>
         <input_file_ref idref="fl-2"/>
      </object_component>
      <object_component id="oc-5b">
         <name>.debug_info</name>
         <load_address>0x7f7</load_address>
         <run_address>0x7f7</run_address>
         <size>0x84</size>
         <input_file_ref idref="fl-2"/>
      </object_component>
      <object_component id="oc-110">
         <name>.debug_info</name>
         <load_address>0x87b</load_address>
         <run_address>0x87b</run_address>
         <size>0x48</size>
         <input_file_ref idref="fl-2"/>
      </object_component>
      <object_component id="oc-23a">
         <name>.debug_info</name>
         <load_address>0x8c3</load_address>
         <run_address>0x8c3</run_address>
         <size>0xba</size>
         <input_file_ref idref="fl-2"/>
      </object_component>
      <object_component id="oc-33e">
         <name>.debug_info</name>
         <load_address>0x97d</load_address>
         <run_address>0x97d</run_address>
         <size>0x9e</size>
         <input_file_ref idref="fl-2"/>
      </object_component>
      <object_component id="oc-1f9">
         <name>.debug_info</name>
         <load_address>0xa1b</load_address>
         <run_address>0xa1b</run_address>
         <size>0x66c</size>
         <input_file_ref idref="fl-3"/>
      </object_component>
      <object_component id="oc-34d">
         <name>.debug_info</name>
         <load_address>0x1087</load_address>
         <run_address>0x1087</run_address>
         <size>0xda</size>
         <input_file_ref idref="fl-3"/>
      </object_component>
      <object_component id="oc-336">
         <name>.debug_info</name>
         <load_address>0x1161</load_address>
         <run_address>0x1161</run_address>
         <size>0xd2</size>
         <input_file_ref idref="fl-3"/>
      </object_component>
      <object_component id="oc-2ed">
         <name>.debug_info</name>
         <load_address>0x1233</load_address>
         <run_address>0x1233</run_address>
         <size>0xd6</size>
         <input_file_ref idref="fl-3"/>
      </object_component>
      <object_component id="oc-333">
         <name>.debug_info</name>
         <load_address>0x1309</load_address>
         <run_address>0x1309</run_address>
         <size>0xdc</size>
         <input_file_ref idref="fl-3"/>
      </object_component>
      <object_component id="oc-2ea">
         <name>.debug_info</name>
         <load_address>0x13e5</load_address>
         <run_address>0x13e5</run_address>
         <size>0xd4</size>
         <input_file_ref idref="fl-3"/>
      </object_component>
      <object_component id="oc-1f6">
         <name>.debug_info</name>
         <load_address>0x14b9</load_address>
         <run_address>0x14b9</run_address>
         <size>0xd8</size>
         <input_file_ref idref="fl-3"/>
      </object_component>
      <object_component id="oc-a0">
         <name>.debug_info</name>
         <load_address>0x1591</load_address>
         <run_address>0x1591</run_address>
         <size>0xbfd</size>
         <input_file_ref idref="fl-3"/>
      </object_component>
      <object_component id="oc-1b6">
         <name>.debug_info</name>
         <load_address>0x218e</load_address>
         <run_address>0x218e</run_address>
         <size>0x7e</size>
         <input_file_ref idref="fl-3"/>
      </object_component>
      <object_component id="oc-1c0">
         <name>.debug_info</name>
         <load_address>0x220c</load_address>
         <run_address>0x220c</run_address>
         <size>0x12f</size>
         <input_file_ref idref="fl-3"/>
      </object_component>
      <object_component id="oc-244">
         <name>.debug_info</name>
         <load_address>0x233b</load_address>
         <run_address>0x233b</run_address>
         <size>0x633</size>
         <input_file_ref idref="fl-3"/>
      </object_component>
      <object_component id="oc-235">
         <name>.debug_info</name>
         <load_address>0x296e</load_address>
         <run_address>0x296e</run_address>
         <size>0x1b0</size>
         <input_file_ref idref="fl-3"/>
      </object_component>
      <object_component id="oc-198">
         <name>.debug_info</name>
         <load_address>0x2b1e</load_address>
         <run_address>0x2b1e</run_address>
         <size>0x7a</size>
         <input_file_ref idref="fl-3"/>
      </object_component>
      <object_component id="oc-19d">
         <name>.debug_info</name>
         <load_address>0x2b98</load_address>
         <run_address>0x2b98</run_address>
         <size>0x2c</size>
         <input_file_ref idref="fl-3"/>
      </object_component>
      <object_component id="oc-1a2">
         <name>.debug_info</name>
         <load_address>0x2bc4</load_address>
         <run_address>0x2bc4</run_address>
         <size>0x60</size>
         <input_file_ref idref="fl-3"/>
      </object_component>
      <object_component id="oc-1c5">
         <name>.debug_info</name>
         <load_address>0x2c24</load_address>
         <run_address>0x2c24</run_address>
         <size>0x2c</size>
         <input_file_ref idref="fl-3"/>
      </object_component>
      <object_component id="oc-1b1">
         <name>.debug_info</name>
         <load_address>0x2c50</load_address>
         <run_address>0x2c50</run_address>
         <size>0x2c</size>
         <input_file_ref idref="fl-3"/>
      </object_component>
      <object_component id="oc-283">
         <name>.debug_info</name>
         <load_address>0x2c7c</load_address>
         <run_address>0x2c7c</run_address>
         <size>0x35</size>
         <input_file_ref idref="fl-3"/>
      </object_component>
      <object_component id="oc-1fa">
         <name>.debug_info</name>
         <load_address>0x2cb1</load_address>
         <run_address>0x2cb1</run_address>
         <size>0x69</size>
         <input_file_ref idref="fl-3"/>
      </object_component>
      <object_component id="oc-2f3">
         <name>.debug_info</name>
         <load_address>0x2d1a</load_address>
         <run_address>0x2d1a</run_address>
         <size>0xb9</size>
         <input_file_ref idref="fl-3"/>
      </object_component>
      <object_component id="oc-2f8">
         <name>.debug_info</name>
         <load_address>0x2dd3</load_address>
         <run_address>0x2dd3</run_address>
         <size>0x7d</size>
         <input_file_ref idref="fl-3"/>
      </object_component>
      <object_component id="oc-1ac">
         <name>.debug_info</name>
         <load_address>0x2e50</load_address>
         <run_address>0x2e50</run_address>
         <size>0xf5</size>
         <input_file_ref idref="fl-3"/>
      </object_component>
      <object_component id="oc-193">
         <name>.debug_info</name>
         <load_address>0x2f45</load_address>
         <run_address>0x2f45</run_address>
         <size>0x9f</size>
         <input_file_ref idref="fl-3"/>
      </object_component>
      <object_component id="oc-297">
         <name>.debug_info</name>
         <load_address>0x2fe4</load_address>
         <run_address>0x2fe4</run_address>
         <size>0x153</size>
         <input_file_ref idref="fl-3"/>
      </object_component>
      <object_component id="oc-23f">
         <name>.debug_info</name>
         <load_address>0x3137</load_address>
         <run_address>0x3137</run_address>
         <size>0x3fa</size>
         <input_file_ref idref="fl-3"/>
      </object_component>
      <object_component id="oc-12f">
         <name>.debug_info</name>
         <load_address>0x3531</load_address>
         <run_address>0x3531</run_address>
         <size>0x15a6</size>
         <input_file_ref idref="fl-4"/>
      </object_component>
      <object_component id="oc-138">
         <name>.debug_info</name>
         <load_address>0x4ad7</load_address>
         <run_address>0x4ad7</run_address>
         <size>0x26e</size>
         <input_file_ref idref="fl-4"/>
      </object_component>
      <object_component id="oc-140">
         <name>.debug_info</name>
         <load_address>0x4d45</load_address>
         <run_address>0x4d45</run_address>
         <size>0xc8</size>
         <input_file_ref idref="fl-4"/>
      </object_component>
      <object_component id="oc-146">
         <name>.debug_info</name>
         <load_address>0x4e0d</load_address>
         <run_address>0x4e0d</run_address>
         <size>0xcc</size>
         <input_file_ref idref="fl-4"/>
      </object_component>
      <object_component id="oc-13d">
         <name>.debug_info</name>
         <load_address>0x4ed9</load_address>
         <run_address>0x4ed9</run_address>
         <size>0xc8</size>
         <input_file_ref idref="fl-4"/>
      </object_component>
      <object_component id="oc-143">
         <name>.debug_info</name>
         <load_address>0x4fa1</load_address>
         <run_address>0x4fa1</run_address>
         <size>0xcc</size>
         <input_file_ref idref="fl-4"/>
      </object_component>
      <object_component id="oc-161">
         <name>.debug_info</name>
         <load_address>0x506d</load_address>
         <run_address>0x506d</run_address>
         <size>0xd3</size>
         <input_file_ref idref="fl-4"/>
      </object_component>
      <object_component id="oc-15e">
         <name>.debug_info</name>
         <load_address>0x5140</load_address>
         <run_address>0x5140</run_address>
         <size>0xcf</size>
         <input_file_ref idref="fl-4"/>
      </object_component>
      <object_component id="oc-15b">
         <name>.debug_info</name>
         <load_address>0x520f</load_address>
         <run_address>0x520f</run_address>
         <size>0xdf</size>
         <input_file_ref idref="fl-4"/>
      </object_component>
      <object_component id="oc-157">
         <name>.debug_info</name>
         <load_address>0x52ee</load_address>
         <run_address>0x52ee</run_address>
         <size>0xd3</size>
         <input_file_ref idref="fl-4"/>
      </object_component>
      <object_component id="oc-164">
         <name>.debug_info</name>
         <load_address>0x53c1</load_address>
         <run_address>0x53c1</run_address>
         <size>0xc2</size>
         <input_file_ref idref="fl-4"/>
      </object_component>
      <object_component id="oc-12c">
         <name>.debug_info</name>
         <load_address>0x5483</load_address>
         <run_address>0x5483</run_address>
         <size>0xcf</size>
         <input_file_ref idref="fl-4"/>
      </object_component>
      <object_component id="oc-133">
         <name>.debug_info</name>
         <load_address>0x5552</load_address>
         <run_address>0x5552</run_address>
         <size>0xdb</size>
         <input_file_ref idref="fl-4"/>
      </object_component>
      <object_component id="oc-175">
         <name>.debug_info</name>
         <load_address>0x562d</load_address>
         <run_address>0x562d</run_address>
         <size>0xd1</size>
         <input_file_ref idref="fl-4"/>
      </object_component>
      <object_component id="oc-184">
         <name>.debug_info</name>
         <load_address>0x56fe</load_address>
         <run_address>0x56fe</run_address>
         <size>0xc7</size>
         <input_file_ref idref="fl-4"/>
      </object_component>
      <object_component id="oc-16c">
         <name>.debug_info</name>
         <load_address>0x57c5</load_address>
         <run_address>0x57c5</run_address>
         <size>0xca</size>
         <input_file_ref idref="fl-4"/>
      </object_component>
      <object_component id="oc-187">
         <name>.debug_info</name>
         <load_address>0x588f</load_address>
         <run_address>0x588f</run_address>
         <size>0xd5</size>
         <input_file_ref idref="fl-4"/>
      </object_component>
      <object_component id="oc-18a">
         <name>.debug_info</name>
         <load_address>0x5964</load_address>
         <run_address>0x5964</run_address>
         <size>0xce</size>
         <input_file_ref idref="fl-4"/>
      </object_component>
      <object_component id="oc-18d">
         <name>.debug_info</name>
         <load_address>0x5a32</load_address>
         <run_address>0x5a32</run_address>
         <size>0xca</size>
         <input_file_ref idref="fl-4"/>
      </object_component>
      <object_component id="oc-190">
         <name>.debug_info</name>
         <load_address>0x5afc</load_address>
         <run_address>0x5afc</run_address>
         <size>0xcc</size>
         <input_file_ref idref="fl-4"/>
      </object_component>
      <object_component id="oc-83">
         <name>.debug_info</name>
         <load_address>0x5bc8</load_address>
         <run_address>0x5bc8</run_address>
         <size>0x162c7</size>
         <input_file_ref idref="fl-4"/>
      </object_component>
      <object_component id="oc-e2">
         <name>.debug_info</name>
         <load_address>0x1be8f</load_address>
         <run_address>0x1be8f</run_address>
         <size>0x1d7</size>
         <input_file_ref idref="fl-4"/>
      </object_component>
      <object_component id="oc-1cf">
         <name>.debug_info</name>
         <load_address>0x1c066</load_address>
         <run_address>0x1c066</run_address>
         <size>0x62a</size>
         <input_file_ref idref="fl-4"/>
      </object_component>
      <object_component id="oc-1d4">
         <name>.debug_info</name>
         <load_address>0x1c690</load_address>
         <run_address>0x1c690</run_address>
         <size>0x174</size>
         <input_file_ref idref="fl-4"/>
      </object_component>
      <object_component id="oc-1bb">
         <name>.debug_info</name>
         <load_address>0x1c804</load_address>
         <run_address>0x1c804</run_address>
         <size>0x1a7</size>
         <input_file_ref idref="fl-4"/>
      </object_component>
      <object_component id="oc-1ca">
         <name>.debug_info</name>
         <load_address>0x1c9ab</load_address>
         <run_address>0x1c9ab</run_address>
         <size>0xee</size>
         <input_file_ref idref="fl-4"/>
      </object_component>
      <object_component id="oc-288">
         <name>.debug_info</name>
         <load_address>0x1ca99</load_address>
         <run_address>0x1ca99</run_address>
         <size>0x2f5</size>
         <input_file_ref idref="fl-4"/>
      </object_component>
      <object_component id="oc-31d">
         <name>.debug_info</name>
         <load_address>0x1cd8e</load_address>
         <run_address>0x1cd8e</run_address>
         <size>0x2da</size>
         <input_file_ref idref="fl-4"/>
      </object_component>
      <object_component id="oc-28d">
         <name>.debug_info</name>
         <load_address>0x1d068</load_address>
         <run_address>0x1d068</run_address>
         <size>0x69</size>
         <input_file_ref idref="fl-4"/>
      </object_component>
      <object_component id="oc-1a7">
         <name>.debug_info</name>
         <load_address>0x1d0d1</load_address>
         <run_address>0x1d0d1</run_address>
         <size>0x2fa</size>
         <input_file_ref idref="fl-4"/>
      </object_component>
      <object_component id="oc-1d9">
         <name>.debug_info</name>
         <load_address>0x1d3cb</load_address>
         <run_address>0x1d3cb</run_address>
         <size>0x14d</size>
         <input_file_ref idref="fl-4"/>
      </object_component>
      <object_component id="oc-292">
         <name>.debug_info</name>
         <load_address>0x1d518</load_address>
         <run_address>0x1d518</run_address>
         <size>0xba</size>
         <input_file_ref idref="fl-4"/>
      </object_component>
      <object_component id="oc-324">
         <name>.debug_info</name>
         <load_address>0x1d5d2</load_address>
         <run_address>0x1d5d2</run_address>
         <size>0x4e</size>
         <input_file_ref idref="fl-4"/>
      </object_component>
      <object_component id="oc-29c">
         <name>.debug_info</name>
         <load_address>0x1d620</load_address>
         <run_address>0x1d620</run_address>
         <size>0x69</size>
         <input_file_ref idref="fl-4"/>
      </object_component>
      <object_component id="oc-2a1">
         <name>.debug_info</name>
         <load_address>0x1d689</load_address>
         <run_address>0x1d689</run_address>
         <size>0x41</size>
         <input_file_ref idref="fl-4"/>
      </object_component>
      <object_component id="oc-2a6">
         <name>.debug_info</name>
         <load_address>0x1d6ca</load_address>
         <run_address>0x1d6ca</run_address>
         <size>0x17e</size>
         <input_file_ref idref="fl-4"/>
      </object_component>
      <object_component id="oc-e1">
         <name>.debug_info</name>
         <load_address>0x1d848</load_address>
         <run_address>0x1d848</run_address>
         <size>0x88b</size>
         <input_file_ref idref="fl-5"/>
      </object_component>
      <object_component id="oc-b5">
         <name>.debug_info</name>
         <load_address>0x1e0d3</load_address>
         <run_address>0x1e0d3</run_address>
         <size>0xc7</size>
         <input_file_ref idref="fl-5"/>
      </object_component>
      <object_component id="oc-d6">
         <name>.debug_info</name>
         <load_address>0x1e19a</load_address>
         <run_address>0x1e19a</run_address>
         <size>0xcd</size>
         <input_file_ref idref="fl-5"/>
      </object_component>
      <object_component id="oc-d3">
         <name>.debug_info</name>
         <load_address>0x1e267</load_address>
         <run_address>0x1e267</run_address>
         <size>0xc9</size>
         <input_file_ref idref="fl-5"/>
      </object_component>
      <object_component id="oc-b2">
         <name>.debug_info</name>
         <load_address>0x1e330</load_address>
         <run_address>0x1e330</run_address>
         <size>0xc3</size>
         <input_file_ref idref="fl-5"/>
      </object_component>
      <object_component id="oc-b8">
         <name>.debug_info</name>
         <load_address>0x1e3f3</load_address>
         <run_address>0x1e3f3</run_address>
         <size>0xc3</size>
         <input_file_ref idref="fl-5"/>
      </object_component>
      <object_component id="oc-bb">
         <name>.debug_info</name>
         <load_address>0x1e4b6</load_address>
         <run_address>0x1e4b6</run_address>
         <size>0xc3</size>
         <input_file_ref idref="fl-5"/>
      </object_component>
      <object_component id="oc-be">
         <name>.debug_info</name>
         <load_address>0x1e579</load_address>
         <run_address>0x1e579</run_address>
         <size>0xc3</size>
         <input_file_ref idref="fl-5"/>
      </object_component>
      <object_component id="oc-c1">
         <name>.debug_info</name>
         <load_address>0x1e63c</load_address>
         <run_address>0x1e63c</run_address>
         <size>0xc3</size>
         <input_file_ref idref="fl-5"/>
      </object_component>
      <object_component id="oc-c4">
         <name>.debug_info</name>
         <load_address>0x1e6ff</load_address>
         <run_address>0x1e6ff</run_address>
         <size>0xc3</size>
         <input_file_ref idref="fl-5"/>
      </object_component>
      <object_component id="oc-c7">
         <name>.debug_info</name>
         <load_address>0x1e7c2</load_address>
         <run_address>0x1e7c2</run_address>
         <size>0xc3</size>
         <input_file_ref idref="fl-5"/>
      </object_component>
      <object_component id="oc-ca">
         <name>.debug_info</name>
         <load_address>0x1e885</load_address>
         <run_address>0x1e885</run_address>
         <size>0xc3</size>
         <input_file_ref idref="fl-5"/>
      </object_component>
      <object_component id="oc-cd">
         <name>.debug_info</name>
         <load_address>0x1e948</load_address>
         <run_address>0x1e948</run_address>
         <size>0xc3</size>
         <input_file_ref idref="fl-5"/>
      </object_component>
      <object_component id="oc-d0">
         <name>.debug_info</name>
         <load_address>0x1ea0b</load_address>
         <run_address>0x1ea0b</run_address>
         <size>0xc5</size>
         <input_file_ref idref="fl-5"/>
      </object_component>
      <object_component id="oc-d9">
         <name>.debug_info</name>
         <load_address>0x1ead0</load_address>
         <run_address>0x1ead0</run_address>
         <size>0xc8</size>
         <input_file_ref idref="fl-5"/>
      </object_component>
      <object_component id="oc-4e">
         <name>.debug_info</name>
         <load_address>0x1eb98</load_address>
         <run_address>0x1eb98</run_address>
         <size>0xca6</size>
         <input_file_ref idref="fl-5"/>
      </object_component>
      <object_component id="oc-dc">
         <name>.debug_info</name>
         <load_address>0x1f83e</load_address>
         <run_address>0x1f83e</run_address>
         <size>0xc6</size>
         <input_file_ref idref="fl-5"/>
      </object_component>
      <object_component id="oc-7d">
         <name>.debug_info</name>
         <load_address>0x1f904</load_address>
         <run_address>0x1f904</run_address>
         <size>0x152</size>
         <input_file_ref idref="fl-c3"/>
      </object_component>
      <object_component id="oc-122">
         <name>.debug_info</name>
         <load_address>0x1fa56</load_address>
         <run_address>0x1fa56</run_address>
         <size>0x11a</size>
         <input_file_ref idref="fl-c4"/>
      </object_component>
      <object_component id="oc-11d">
         <name>.debug_info</name>
         <load_address>0x1fb70</load_address>
         <run_address>0x1fb70</run_address>
         <size>0x114</size>
         <input_file_ref idref="fl-c5"/>
      </object_component>
      <object_component id="oc-129">
         <name>.debug_info</name>
         <load_address>0x1fc84</load_address>
         <run_address>0x1fc84</run_address>
         <size>0x116</size>
         <input_file_ref idref="fl-c6"/>
      </object_component>
      <object_component id="oc-2e6">
         <name>.debug_info</name>
         <load_address>0x1fd9a</load_address>
         <run_address>0x1fd9a</run_address>
         <size>0x12a</size>
         <input_file_ref idref="fl-c7"/>
      </object_component>
      <object_component id="oc-1ea">
         <name>.debug_info</name>
         <load_address>0x1fec4</load_address>
         <run_address>0x1fec4</run_address>
         <size>0x1e1</size>
         <input_file_ref idref="fl-c7"/>
      </object_component>
      <object_component id="oc-2bf">
         <name>.debug_info</name>
         <load_address>0x200a5</load_address>
         <run_address>0x200a5</run_address>
         <size>0x12f</size>
         <input_file_ref idref="fl-c8"/>
      </object_component>
      <object_component id="oc-14d">
         <name>.debug_info</name>
         <load_address>0x201d4</load_address>
         <run_address>0x201d4</run_address>
         <size>0x1b3</size>
         <input_file_ref idref="fl-c8"/>
      </object_component>
      <object_component id="oc-2e8">
         <name>.debug_info</name>
         <load_address>0x20387</load_address>
         <run_address>0x20387</run_address>
         <size>0x130</size>
         <input_file_ref idref="fl-c9"/>
      </object_component>
      <object_component id="oc-1f1">
         <name>.debug_info</name>
         <load_address>0x204b7</load_address>
         <run_address>0x204b7</run_address>
         <size>0x212</size>
         <input_file_ref idref="fl-c9"/>
      </object_component>
      <object_component id="oc-279">
         <name>.debug_info</name>
         <load_address>0x206c9</load_address>
         <run_address>0x206c9</run_address>
         <size>0xe3</size>
         <input_file_ref idref="fl-ca"/>
      </object_component>
      <object_component id="oc-2ce">
         <name>.debug_info</name>
         <load_address>0x207ac</load_address>
         <run_address>0x207ac</run_address>
         <size>0x1ab</size>
         <input_file_ref idref="fl-cb"/>
      </object_component>
      <object_component id="oc-172">
         <name>.debug_info</name>
         <load_address>0x20957</load_address>
         <run_address>0x20957</run_address>
         <size>0x52d2</size>
         <input_file_ref idref="fl-cb"/>
      </object_component>
      <object_component id="oc-2ff">
         <name>.debug_info</name>
         <load_address>0x25c29</load_address>
         <run_address>0x25c29</run_address>
         <size>0x174</size>
         <input_file_ref idref="fl-cc"/>
      </object_component>
      <object_component id="oc-207">
         <name>.debug_info</name>
         <load_address>0x25d9d</load_address>
         <run_address>0x25d9d</run_address>
         <size>0x1e64</size>
         <input_file_ref idref="fl-cc"/>
      </object_component>
      <object_component id="oc-2d2">
         <name>.debug_info</name>
         <load_address>0x27c01</load_address>
         <run_address>0x27c01</run_address>
         <size>0x17c</size>
         <input_file_ref idref="fl-cd"/>
      </object_component>
      <object_component id="oc-178">
         <name>.debug_info</name>
         <load_address>0x27d7d</load_address>
         <run_address>0x27d7d</run_address>
         <size>0x977</size>
         <input_file_ref idref="fl-cd"/>
      </object_component>
      <object_component id="oc-2d4">
         <name>.debug_info</name>
         <load_address>0x286f4</load_address>
         <run_address>0x286f4</run_address>
         <size>0x200</size>
         <input_file_ref idref="fl-ce"/>
      </object_component>
      <object_component id="oc-180">
         <name>.debug_info</name>
         <load_address>0x288f4</load_address>
         <run_address>0x288f4</run_address>
         <size>0x1240</size>
         <input_file_ref idref="fl-ce"/>
      </object_component>
      <object_component id="oc-97">
         <name>.debug_info</name>
         <load_address>0x29b34</load_address>
         <run_address>0x29b34</run_address>
         <size>0x192f</size>
         <input_file_ref idref="fl-cf"/>
      </object_component>
      <object_component id="oc-8b">
         <name>.debug_info</name>
         <load_address>0x2b463</load_address>
         <run_address>0x2b463</run_address>
         <size>0xd38</size>
         <input_file_ref idref="fl-d0"/>
      </object_component>
      <object_component id="oc-53">
         <name>.debug_info</name>
         <load_address>0x2c19b</load_address>
         <run_address>0x2c19b</run_address>
         <size>0x29b</size>
         <input_file_ref idref="fl-d1"/>
      </object_component>
      <object_component id="oc-d">
         <name>.debug_info</name>
         <load_address>0x2c436</load_address>
         <run_address>0x2c436</run_address>
         <size>0x196</size>
         <input_file_ref idref="fl-d2"/>
      </object_component>
      <object_component id="oc-214">
         <name>.debug_info</name>
         <load_address>0x2c5cc</load_address>
         <run_address>0x2c5cc</run_address>
         <size>0x4c4</size>
         <input_file_ref idref="fl-d3"/>
      </object_component>
      <object_component id="oc-ac">
         <name>.debug_info</name>
         <load_address>0x2ca90</load_address>
         <run_address>0x2ca90</run_address>
         <size>0x20a6</size>
         <input_file_ref idref="fl-d3"/>
      </object_component>
      <object_component id="oc-105">
         <name>.debug_info</name>
         <load_address>0x2eb36</load_address>
         <run_address>0x2eb36</run_address>
         <size>0x529</size>
         <input_file_ref idref="fl-d4"/>
      </object_component>
      <object_component id="oc-71">
         <name>.debug_info</name>
         <load_address>0x2f05f</load_address>
         <run_address>0x2f05f</run_address>
         <size>0x4cc</size>
         <input_file_ref idref="fl-d4"/>
      </object_component>
      <object_component id="oc-60">
         <name>.debug_info</name>
         <load_address>0x2f52b</load_address>
         <run_address>0x2f52b</run_address>
         <size>0x51f</size>
         <input_file_ref idref="fl-d5"/>
      </object_component>
      <object_component id="oc-58">
         <name>.debug_info</name>
         <load_address>0x2fa4a</load_address>
         <run_address>0x2fa4a</run_address>
         <size>0x138</size>
         <input_file_ref idref="fl-d5"/>
      </object_component>
      <object_component id="oc-19">
         <name>.debug_info</name>
         <load_address>0x2fb82</load_address>
         <run_address>0x2fb82</run_address>
         <size>0x340</size>
         <input_file_ref idref="fl-d5"/>
      </object_component>
      <object_component id="oc-20e">
         <name>.debug_info</name>
         <load_address>0x2fec2</load_address>
         <run_address>0x2fec2</run_address>
         <size>0x694</size>
         <input_file_ref idref="fl-d6"/>
      </object_component>
      <object_component id="oc-e9">
         <name>.debug_info</name>
         <load_address>0x30556</load_address>
         <run_address>0x30556</run_address>
         <size>0x1b1</size>
         <input_file_ref idref="fl-d7"/>
      </object_component>
      <object_component id="oc-1e0">
         <name>.debug_info</name>
         <load_address>0x30707</load_address>
         <run_address>0x30707</run_address>
         <size>0x198</size>
         <input_file_ref idref="fl-d8"/>
      </object_component>
      <object_component id="oc-90">
         <name>.debug_info</name>
         <load_address>0x3089f</load_address>
         <run_address>0x3089f</run_address>
         <size>0x493</size>
         <input_file_ref idref="fl-d8"/>
      </object_component>
      <object_component id="oc-200">
         <name>.debug_info</name>
         <load_address>0x30d32</load_address>
         <run_address>0x30d32</run_address>
         <size>0x689</size>
         <input_file_ref idref="fl-d9"/>
      </object_component>
      <object_component id="oc-115">
         <name>.debug_info</name>
         <load_address>0x313bb</load_address>
         <run_address>0x313bb</run_address>
         <size>0x29f</size>
         <input_file_ref idref="fl-da"/>
      </object_component>
      <object_component id="oc-10d">
         <name>.debug_info</name>
         <load_address>0x3165a</load_address>
         <run_address>0x3165a</run_address>
         <size>0x122</size>
         <input_file_ref idref="fl-da"/>
      </object_component>
      <object_component id="oc-78">
         <name>.debug_info</name>
         <load_address>0x3177c</load_address>
         <run_address>0x3177c</run_address>
         <size>0x99e</size>
         <input_file_ref idref="fl-da"/>
      </object_component>
      <object_component id="oc-26d">
         <name>.debug_info</name>
         <load_address>0x3211a</load_address>
         <run_address>0x3211a</run_address>
         <size>0x26b</size>
         <input_file_ref idref="fl-da"/>
      </object_component>
      <object_component id="oc-272">
         <name>.debug_info</name>
         <load_address>0x32385</load_address>
         <run_address>0x32385</run_address>
         <size>0x2a4</size>
         <input_file_ref idref="fl-da"/>
      </object_component>
      <object_component id="oc-116">
         <name>.debug_info</name>
         <load_address>0x32629</load_address>
         <run_address>0x32629</run_address>
         <size>0x2c</size>
         <input_file_ref idref="fl-da"/>
      </object_component>
      <object_component id="oc-9d">
         <name>.debug_info</name>
         <load_address>0x32655</load_address>
         <run_address>0x32655</run_address>
         <size>0x4f9</size>
         <input_file_ref idref="fl-db"/>
      </object_component>
      <object_component id="oc-268">
         <name>.debug_info</name>
         <load_address>0x32b4e</load_address>
         <run_address>0x32b4e</run_address>
         <size>0x29f</size>
         <input_file_ref idref="fl-dc"/>
      </object_component>
      <object_component id="oc-265">
         <name>.debug_info</name>
         <load_address>0x32ded</load_address>
         <run_address>0x32ded</run_address>
         <size>0x117</size>
         <input_file_ref idref="fl-dc"/>
      </object_component>
      <object_component id="oc-109">
         <name>.debug_info</name>
         <load_address>0x32f04</load_address>
         <run_address>0x32f04</run_address>
         <size>0x17a2</size>
         <input_file_ref idref="fl-dc"/>
      </object_component>
      <object_component id="oc-312">
         <name>.debug_info</name>
         <load_address>0x346a6</load_address>
         <run_address>0x346a6</run_address>
         <size>0x167</size>
         <input_file_ref idref="fl-dd"/>
      </object_component>
      <object_component id="oc-262">
         <name>.debug_info</name>
         <load_address>0x3480d</load_address>
         <run_address>0x3480d</run_address>
         <size>0x900</size>
         <input_file_ref idref="fl-dd"/>
      </object_component>
      <object_component id="oc-62">
         <name>.debug_info</name>
         <load_address>0x3510d</load_address>
         <run_address>0x3510d</run_address>
         <size>0x353</size>
         <input_file_ref idref="fl-e0"/>
      </object_component>
      <object_component id="oc-1e">
         <name>.debug_info</name>
         <load_address>0x35460</load_address>
         <run_address>0x35460</run_address>
         <size>0x174</size>
         <input_file_ref idref="fl-e0"/>
      </object_component>
      <object_component id="oc-f3">
         <name>.debug_info</name>
         <load_address>0x355d4</load_address>
         <run_address>0x355d4</run_address>
         <size>0x39</size>
         <input_file_ref idref="fl-e0"/>
      </object_component>
      <object_component id="oc-24a">
         <name>.debug_info</name>
         <load_address>0x3560d</load_address>
         <run_address>0x3560d</run_address>
         <size>0x39</size>
         <input_file_ref idref="fl-e0"/>
      </object_component>
      <object_component id="oc-f8">
         <name>.debug_info</name>
         <load_address>0x35646</load_address>
         <run_address>0x35646</run_address>
         <size>0x39</size>
         <input_file_ref idref="fl-e0"/>
      </object_component>
      <object_component id="oc-fd">
         <name>.debug_info</name>
         <load_address>0x3567f</load_address>
         <run_address>0x3567f</run_address>
         <size>0xcd</size>
         <input_file_ref idref="fl-e0"/>
      </object_component>
      <object_component id="oc-32d">
         <name>.debug_info</name>
         <load_address>0x3574c</load_address>
         <run_address>0x3574c</run_address>
         <size>0x3f1</size>
         <input_file_ref idref="fl-e6"/>
      </object_component>
      <object_component id="oc-2e2">
         <name>.debug_info</name>
         <load_address>0x35b3d</load_address>
         <run_address>0x35b3d</run_address>
         <size>0x139</size>
         <input_file_ref idref="fl-e6"/>
      </object_component>
      <object_component id="oc-1e3">
         <name>.debug_info</name>
         <load_address>0x35c76</load_address>
         <run_address>0x35c76</run_address>
         <size>0x800</size>
         <input_file_ref idref="fl-e6"/>
      </object_component>
      <object_component id="oc-259">
         <name>.debug_info</name>
         <load_address>0x36476</load_address>
         <run_address>0x36476</run_address>
         <size>0x972</size>
         <input_file_ref idref="fl-e7"/>
      </object_component>
      <object_component id="oc-30b">
         <name>.debug_info</name>
         <load_address>0x36de8</load_address>
         <run_address>0x36de8</run_address>
         <size>0x2f3</size>
         <input_file_ref idref="fl-e8"/>
      </object_component>
      <object_component id="oc-346">
         <name>.debug_info</name>
         <load_address>0x370db</load_address>
         <run_address>0x370db</run_address>
         <size>0x17f</size>
         <input_file_ref idref="fl-e9"/>
      </object_component>
      <object_component id="oc-308">
         <name>.debug_info</name>
         <load_address>0x3725a</load_address>
         <run_address>0x3725a</run_address>
         <size>0x65fb</size>
         <input_file_ref idref="fl-e9"/>
      </object_component>
      <object_component id="oc-3c8">
         <name>.debug_info</name>
         <load_address>0x3d855</load_address>
         <run_address>0x3d855</run_address>
         <size>0xfa</size>
      </object_component>
      <object_component id="oc-344">
         <name>.debug_line</name>
         <load_address>0x0</load_address>
         <run_address>0x0</run_address>
         <size>0x13e</size>
         <input_file_ref idref="fl-2"/>
      </object_component>
      <object_component id="oc-aa">
         <name>.debug_line</name>
         <load_address>0x13e</load_address>
         <run_address>0x13e</run_address>
         <size>0xae</size>
         <input_file_ref idref="fl-2"/>
      </object_component>
      <object_component id="oc-5e">
         <name>.debug_line</name>
         <load_address>0x1ec</load_address>
         <run_address>0x1ec</run_address>
         <size>0x20</size>
         <input_file_ref idref="fl-2"/>
      </object_component>
      <object_component id="oc-113">
         <name>.debug_line</name>
         <load_address>0x20c</load_address>
         <run_address>0x20c</run_address>
         <size>0x63</size>
         <input_file_ref idref="fl-2"/>
      </object_component>
      <object_component id="oc-23d">
         <name>.debug_line</name>
         <load_address>0x26f</load_address>
         <run_address>0x26f</run_address>
         <size>0x6f</size>
         <input_file_ref idref="fl-2"/>
      </object_component>
      <object_component id="oc-341">
         <name>.debug_line</name>
         <load_address>0x2de</load_address>
         <run_address>0x2de</run_address>
         <size>0x5e</size>
         <input_file_ref idref="fl-2"/>
      </object_component>
      <object_component id="oc-2f2">
         <name>.debug_line</name>
         <load_address>0x33c</load_address>
         <run_address>0x33c</run_address>
         <size>0x1dd</size>
         <input_file_ref idref="fl-3"/>
      </object_component>
      <object_component id="oc-356">
         <name>.debug_line</name>
         <load_address>0x519</load_address>
         <run_address>0x519</run_address>
         <size>0x80</size>
         <input_file_ref idref="fl-3"/>
      </object_component>
      <object_component id="oc-352">
         <name>.debug_line</name>
         <load_address>0x599</load_address>
         <run_address>0x599</run_address>
         <size>0x80</size>
         <input_file_ref idref="fl-3"/>
      </object_component>
      <object_component id="oc-33b">
         <name>.debug_line</name>
         <load_address>0x619</load_address>
         <run_address>0x619</run_address>
         <size>0x80</size>
         <input_file_ref idref="fl-3"/>
      </object_component>
      <object_component id="oc-350">
         <name>.debug_line</name>
         <load_address>0x699</load_address>
         <run_address>0x699</run_address>
         <size>0x80</size>
         <input_file_ref idref="fl-3"/>
      </object_component>
      <object_component id="oc-339">
         <name>.debug_line</name>
         <load_address>0x719</load_address>
         <run_address>0x719</run_address>
         <size>0x80</size>
         <input_file_ref idref="fl-3"/>
      </object_component>
      <object_component id="oc-2f0">
         <name>.debug_line</name>
         <load_address>0x799</load_address>
         <run_address>0x799</run_address>
         <size>0x80</size>
         <input_file_ref idref="fl-3"/>
      </object_component>
      <object_component id="oc-a3">
         <name>.debug_line</name>
         <load_address>0x819</load_address>
[...]
         <object_component_ref idref="oc-76"/>
      </symbol>
      <symbol id="sm-f45">
         <name>ConsoleUtilsPutChar</name>
         <value>0x80092514</value>
         <object_component_ref idref="oc-76"/>
      </symbol>
      <symbol id="sm-f46">
         <name>ConsoleUtilsGetChar</name>
         <value>0x800924a4</value>
         <object_component_ref idref="oc-76"/>
      </symbol>
      <symbol id="sm-f47">
         <name>ConsoleUtilsScanf</name>
         <value>0x800923b4</value>
         <object_component_ref idref="oc-76"/>
      </symbol>
      <symbol id="sm-f48">
         <name>ConsoleUtilsPuts</name>
         <value>0x80092468</value>
         <object_component_ref idref="oc-76"/>
      </symbol>
      <symbol id="sm-f49">
         <name>ConsoleUtilsSetType</name>
         <value>0x80092328</value>
         <object_component_ref idref="oc-76"/>
      </symbol>
      <symbol id="sm-f57">
         <name>StopTimer</name>
         <value>0x800938e0</value>
         <object_component_ref idref="oc-99"/>
      </symbol>
      <symbol id="sm-f58">
         <name>StartTimer</name>
         <value>0x800938cc</value>
         <object_component_ref idref="oc-99"/>
      </symbol>
      <symbol id="sm-f59">
         <name>delay</name>
         <value>0x800938b8</value>
         <object_component_ref idref="oc-99"/>
      </symbol>
      <symbol id="sm-f5a">
         <name>IsTimerElapsed</name>
         <value>0x800938ec</value>
         <object_component_ref idref="oc-99"/>
      </symbol>
      <symbol id="sm-f5b">
         <name>DelayTimerSetup</name>
         <value>0x800938ac</value>
         <object_component_ref idref="oc-99"/>
      </symbol>
      <symbol id="sm-1031">
         <name>UARTScanf</name>
         <value>0x8008cd98</value>
         <object_component_ref idref="oc-106"/>
      </symbol>
      <symbol id="sm-1032">
         <name>UARTPrintf</name>
         <value>0x8008d580</value>
         <object_component_ref idref="oc-106"/>
      </symbol>
      <symbol id="sm-1033">
         <name>UARTStdioInit</name>
         <value>0x8008c13c</value>
         <object_component_ref idref="oc-106"/>
      </symbol>
      <symbol id="sm-1034">
         <name>UARTGetHexNum</name>
         <value>0x8008c588</value>
         <object_component_ref idref="oc-106"/>
      </symbol>
      <symbol id="sm-1035">
         <name>UARTPutHexNum</name>
         <value>0x8008c3a8</value>
         <object_component_ref idref="oc-106"/>
      </symbol>
      <symbol id="sm-1036">
         <name>UARTGetNum</name>
         <value>0x8008c4d4</value>
         <object_component_ref idref="oc-106"/>
      </symbol>
      <symbol id="sm-1037">
         <name>UARTPutNum</name>
         <value>0x8008c2ac</value>
         <object_component_ref idref="oc-106"/>
      </symbol>
      <symbol id="sm-1038">
         <name>UARTwrite</name>
         <value>0x8008c800</value>
         <object_component_ref idref="oc-106"/>
      </symbol>
      <symbol id="sm-1039">
         <name>UARTGetc</name>
         <value>0x8008c7f4</value>
         <object_component_ref idref="oc-106"/>
      </symbol>
      <symbol id="sm-103a">
         <name>UARTGets</name>
         <value>0x8008c200</value>
         <object_component_ref idref="oc-106"/>
      </symbol>
      <symbol id="sm-103b">
         <name>UARTprintf</name>
         <value>0x8008c874</value>
         <object_component_ref idref="oc-106"/>
      </symbol>
      <symbol id="sm-103c">
         <name>UARTPutc</name>
         <value>0x8008c7e0</value>
         <object_component_ref idref="oc-106"/>
      </symbol>
      <symbol id="sm-103d">
         <name>UARTPuts</name>
         <value>0x8008c148</value>
         <object_component_ref idref="oc-106"/>
      </symbol>
      <symbol id="sm-1070">
         <name>StrToEthrAddr</name>
         <value>0x80090dc4</value>
         <object_component_ref idref="oc-25e"/>
      </symbol>
      <symbol id="sm-1071">
         <name>EthrAddrToStr</name>
         <value>0x80090ed8</value>
         <object_component_ref idref="oc-25e"/>
      </symbol>
      <symbol id="sm-1072">
         <name>TimeToStr</name>
         <value>0x80090ffc</value>
         <object_component_ref idref="oc-25e"/>
      </symbol>
      <symbol id="sm-1073">
         <name>ASCIIToDigit</name>
         <value>0x80090c54</value>
         <object_component_ref idref="oc-25e"/>
      </symbol>
      <symbol id="sm-1074">
         <name>DigitToASCII</name>
         <value>0x80090d28</value>
         <object_component_ref idref="oc-25e"/>
      </symbol>
      <symbol id="sm-1075">
         <name>DateToStr</name>
         <value>0x80091144</value>
         <object_component_ref idref="oc-25e"/>
      </symbol>
      <symbol id="sm-1078">
         <name>__stack</name>
         <value>0x87fffff0</value>
         <object_component_ref idref="oc-13"/>
      </symbol>
      <symbol id="sm-10a1">
         <name>__TI_auto_init_nobinit_nopinit</name>
         <value>0x800937e4</value>
         <object_component_ref idref="oc-1c"/>
      </symbol>
      <symbol id="sm-10c8">
         <name>SysIsTimerElapsed</name>
         <value>0x80092e88</value>
         <object_component_ref idref="oc-1e2"/>
      </symbol>
      <symbol id="sm-10c9">
         <name>SysStopTimer</name>
         <value>0x80092e6c</value>
         <object_component_ref idref="oc-1e2"/>
      </symbol>
      <symbol id="sm-10ca">
         <name>SysStartTimer</name>
         <value>0x80092e1c</value>
         <object_component_ref idref="oc-1e2"/>
      </symbol>
      <symbol id="sm-10cb">
         <name>Sysdelay</name>
         <value>0x80092da0</value>
         <object_component_ref idref="oc-1e2"/>
      </symbol>
      <symbol id="sm-10cc">
         <name>SysDelayTimerSetup</name>
         <value>0x80092d58</value>
         <object_component_ref idref="oc-1e2"/>
      </symbol>
      <symbol id="sm-10e3">
         <name>UARTConsoleGetc</name>
         <value>0x80093160</value>
         <object_component_ref idref="oc-258"/>
      </symbol>
      <symbol id="sm-10e4">
         <name>UARTConsolePutc</name>
         <value>0x80093148</value>
         <object_component_ref idref="oc-258"/>
      </symbol>
      <symbol id="sm-10e5">
         <name>UARTConsoleInit</name>
         <value>0x80093124</value>
         <object_component_ref idref="oc-258"/>
      </symbol>
      <symbol id="sm-1114">
         <name>UART0ModuleClkConfig</name>
         <value>0x800925d0</value>
         <object_component_ref idref="oc-30a"/>
      </symbol>
      <symbol id="sm-1115">
         <name>UARTPinMuxSetup</name>
         <value>0x8009259c</value>
         <object_component_ref idref="oc-30a"/>
      </symbol>
      <symbol id="sm-118e">
         <name>UARTAutobaudWordLenGet</name>
         <value>0x8008befc</value>
         <object_component_ref idref="oc-304"/>
      </symbol>
      <symbol id="sm-118f">
         <name>UARTDivisorLatchDisable</name>
         <value>0x8008a654</value>
         <object_component_ref idref="oc-304"/>
      </symbol>
      <symbol id="sm-1190">
         <name>UARTCharPutNonBlocking</name>
         <value>0x8008b38c</value>
         <object_component_ref idref="oc-304"/>
      </symbol>
      <symbol id="sm-1191">
         <name>UARTDMAEnable</name>
         <value>0x8008abf0</value>
         <object_component_ref idref="oc-304"/>
      </symbol>
      <symbol id="sm-1192">
         <name>UARTXON1XOFF1ValProgram</name>
         <value>0x8008ba5c</value>
         <object_component_ref idref="oc-304"/>
      </symbol>
      <symbol id="sm-1193">
         <name>UARTScratchPadRegWrite</name>
         <value>0x8008bf94</value>
         <object_component_ref idref="oc-304"/>
      </symbol>
      <symbol id="sm-1194">
         <name>UARTPulseShapingControl</name>
         <value>0x8008b8c8</value>
         <object_component_ref idref="oc-304"/>
      </symbol>
      <symbol id="sm-1195">
         <name>UARTSubConfigXOFFModeEn</name>
         <value>0x8008af84</value>
         <object_component_ref idref="oc-304"/>
      </symbol>
      <symbol id="sm-1196">
         <name>UARTModemStatusChangeCheck</name>
         <value>0x8008bc40</value>
         <object_component_ref idref="oc-304"/>
      </symbol>
      <symbol id="sm-1197">
         <name>UARTFIFOTrigLvlGranControl</name>
         <value>0x8008bcd4</value>
         <object_component_ref idref="oc-304"/>
      </symbol>
      <symbol id="sm-1198">
         <name>UARTDivisorValCompute</name>
         <value>0x8008a3e8</value>
         <object_component_ref idref="oc-304"/>
      </symbol>
      <symbol id="sm-1199">
         <name>UARTIntPendingStatusGet</name>
         <value>0x8008b6cc</value>
         <object_component_ref idref="oc-304"/>
      </symbol>
      <symbol id="sm-119a">
         <name>UARTModuleReset</name>
         <value>0x8008b90c</value>
         <object_component_ref idref="oc-304"/>
      </symbol>
      <symbol id="sm-119b">
         <name>UARTAutobaudParityGet</name>
         <value>0x8008beb0</value>
         <object_component_ref idref="oc-304"/>
      </symbol>
      <symbol id="sm-119c">
         <name>UARTTCRTLRBitValRestore</name>
         <value>0x8008b05c</value>
         <object_component_ref idref="oc-304"/>
      </symbol>
      <symbol id="sm-119d">
         <name>UARTIntIdentityGet</name>
         <value>0x8008b680</value>
         <object_component_ref idref="oc-304"/>
      </symbol>
      <symbol id="sm-119e">
         <name>UARTCharGetTimeout</name>
         <value>0x8008b4a8</value>
         <object_component_ref idref="oc-304"/>
      </symbol>
      <symbol id="sm-119f">
         <name>UARTEnhanFuncBitValRestore</name>
         <value>0x8008ad70</value>
         <object_component_ref idref="oc-304"/>
      </symbol>
      <symbol id="sm-11a0">
         <name>UARTModemControlSet</name>
         <value>0x8008bbc4</value>
         <object_component_ref idref="oc-304"/>
      </symbol>
      <symbol id="sm-11a1">
         <name>UARTSubConfigTCRTLRModeEn</name>
         <value>0x8008aeac</value>
         <object_component_ref idref="oc-304"/>
      </symbol>
      <symbol id="sm-11a2">
         <name>UARTLoopbackModeControl</name>
         <value>0x8008bb80</value>
         <object_component_ref idref="oc-304"/>
      </symbol>
      <symbol id="sm-11a3">
         <name>UARTIdleModeConfigure</name>
         <value>0x8008b940</value>
         <object_component_ref idref="oc-304"/>
      </symbol>
      <symbol id="sm-11a4">
         <name>UARTDivisorLatchEnable</name>
         <value>0x8008a630</value>
         <object_component_ref idref="oc-304"/>
      </symbol>
      <symbol id="sm-11a5">
         <name>UARTFIFOCharGet</name>
         <value>0x8008b5ac</value>
         <object_component_ref idref="oc-304"/>
      </symbol>
      <symbol id="sm-11a6">
         <name>UARTFIFOWrite</name>
         <value>0x8008b5c8</value>
         <object_component_ref idref="oc-304"/>
      </symbol>
      <symbol id="sm-11a7">
         <name>UARTWakeUpEventsEnable</name>
         <value>0x8008bc74</value>
         <object_component_ref idref="oc-304"/>
      </symbol>
      <symbol id="sm-11a8">
         <name>UARTSpecialCharDetectControl</name>
         <value>0x8008b800</value>
         <object_component_ref idref="oc-304"/>
      </symbol>
      <symbol id="sm-11a9">
         <name>UARTDivisorLatchWrite</name>
         <value>0x8008a4ac</value>
         <object_component_ref idref="oc-304"/>
      </symbol>
      <symbol id="sm-11aa">
         <name>UARTWakeUpEventsDisable</name>
         <value>0x8008bca4</value>
         <object_component_ref idref="oc-304"/>
      </symbol>
      <symbol id="sm-11ab">
         <name>UARTScratchPadRegRead</name>
         <value>0x8008bfd8</value>
         <object_component_ref idref="oc-304"/>
      </symbol>
      <symbol id="sm-11ac">
         <name>UARTModuleVersionNumberGet</name>
         <value>0x8008bff4</value>
         <object_component_ref idref="oc-304"/>
      </symbol>
      <symbol id="sm-11ad">
         <name>UARTRXCTSDSRWakeUpConfigure</name>
         <value>0x8008bdc0</value>
         <object_component_ref idref="oc-304"/>
      </symbol>
      <symbol id="sm-11ae">
         <name>UARTEnhanFuncEnable</name>
         <value>0x8008ad10</value>
         <object_component_ref idref="oc-304"/>
      </symbol>
      <symbol id="sm-11af">
         <name>UARTTxFIFOLevelGet</name>
         <value>0x8008be80</value>
         <object_component_ref idref="oc-304"/>
      </symbol>
      <symbol id="sm-11b0">
         <name>UARTOperatingModeSelect</name>
         <value>0x8008a388</value>
         <object_component_ref idref="oc-304"/>
      </symbol>
      <symbol id="sm-11b1">
         <name>UARTXON2XOFF2ValProgram</name>
         <value>0x8008ba8c</value>
         <object_component_ref idref="oc-304"/>
      </symbol>
      <symbol id="sm-11b2">
         <name>UARTLineCharacConfig</name>
         <value>0x8008a754</value>
         <object_component_ref idref="oc-304"/>
      </symbol>
      <symbol id="sm-11b3">
         <name>UARTIntEnable</name>
         <value>0x8008b138</value>
         <object_component_ref idref="oc-304"/>
      </symbol>
      <symbol id="sm-11b4">
         <name>UARTCharsAvail</name>
         <value>0x8008b338</value>
         <object_component_ref idref="oc-304"/>
      </symbol>
      <symbol id="sm-11b5">
         <name>UARTRxFIFOLevelGet</name>
         <value>0x8008be98</value>
         <object_component_ref idref="oc-304"/>
      </symbol>
      <symbol id="sm-11b6">
         <name>UARTFlowCtrlTrigLvlConfig</name>
         <value>0x8008ba0c</value>
         <object_component_ref idref="oc-304"/>
      </symbol>
      <symbol id="sm-11b7">
         <name>UARTCharGetNonBlocking</name>
         <value>0x8008b3f8</value>
         <object_component_ref idref="oc-304"/>
      </symbol>
      <symbol id="sm-11b8">
         <name>UARTDMACounterResetControl</name>
         <value>0x8008be20</value>
         <object_component_ref idref="oc-304"/>
      </symbol>
      <symbol id="sm-11b9">
         <name>UARTModemStatusGet</name>
         <value>0x8008bc24</value>
         <object_component_ref idref="oc-304"/>
      </symbol>
      <symbol id="sm-11ba">
         <name>UARTAutoRTSAutoCTSControl</name>
         <value>0x8008b774</value>
         <object_component_ref idref="oc-304"/>
      </symbol>
      <symbol id="sm-11bb">
         <name>UARTFIFORegisterWrite</name>
         <value>0x8008ac84</value>
         <object_component_ref idref="oc-304"/>
      </symbol>
      <symbol id="sm-11bc">
         <name>UARTDSRInterruptControl</name>
         <value>0x8008bd38</value>
         <object_component_ref idref="oc-304"/>
      </symbol>
      <symbol id="sm-11bd">
         <name>UARTIntDisable</name>
         <value>0x8008b21c</value>
         <object_component_ref idref="oc-304"/>
      </symbol>
      <symbol id="sm-11be">
         <name>UARTCharPut</name>
         <value>0x8008b538</value>
         <object_component_ref idref="oc-304"/>
      </symbol>
      <symbol id="sm-11bf">
         <name>UARTTxDMAThresholdControl</name>
         <value>0x8008c010</value>
         <object_component_ref idref="oc-304"/>
      </symbol>
      <symbol id="sm-11c0">
         <name>UARTParityModeSet</name>
         <value>0x8008a7cc</value>
         <object_component_ref idref="oc-304"/>
      </symbol>
      <symbol id="sm-11c1">
         <name>UARTAutoIdleModeControl</name>
         <value>0x8008b9c8</value>
         <object_component_ref idref="oc-304"/>
      </symbol>
      <symbol id="sm-11c2">
         <name>UARTRxErrorGet</name>
         <value>0x8008b634</value>
         <object_component_ref idref="oc-304"/>
      </symbol>
      <symbol id="sm-11c3">
         <name>UARTFIFOEnableStatusGet</name>
         <value>0x8008b720</value>
         <object_component_ref idref="oc-304"/>
      </symbol>
      <symbol id="sm-11c4">
         <name>UARTXONAnyFeatureControl</name>
         <value>0x8008babc</value>
         <object_component_ref idref="oc-304"/>
      </symbol>
      <symbol id="sm-11c5">
         <name>UARTFIFOCharPut</name>
         <value>0x8008b58c</value>
         <object_component_ref idref="oc-304"/>
      </symbol>
      <symbol id="sm-11c6">
         <name>UARTSubConfigMSRSPRModeEn</name>
         <value>0x8008add4</value>
         <object_component_ref idref="oc-304"/>
      </symbol>
      <symbol id="sm-11c7">
         <name>UARTDMADisable</name>
         <value>0x8008ac4c</value>
         <object_component_ref idref="oc-304"/>
      </symbol>
      <symbol id="sm-11c8">
         <name>UARTTxFIFOFullStatusGet</name>
         <value>0x8008be64</value>
         <object_component_ref idref="oc-304"/>
      </symbol>
      <symbol id="sm-11c9">
         <name>UARTFIFOConfig</name>
         <value>0x8008a82c</value>
         <object_component_ref idref="oc-304"/>
      </symbol>
      <symbol id="sm-11ca">
         <name>UARTTxDMAThresholdValConfig</name>
         <value>0x8008c054</value>
         <object_component_ref idref="oc-304"/>
      </symbol>
      <symbol id="sm-11cb">
         <name>UARTWakeUpControl</name>
         <value>0x8008b984</value>
         <object_component_ref idref="oc-304"/>
      </symbol>
      <symbol id="sm-11cc">
         <name>UARTResumeOperation</name>
         <value>0x8008bc5c</value>
         <object_component_ref idref="oc-304"/>
      </symbol>
      <symbol id="sm-11cd">
         <name>UARTRegConfModeRestore</name>
         <value>0x8008a6f0</value>
         <object_component_ref idref="oc-304"/>
      </symbol>
      <symbol id="sm-11ce">
         <name>UARTSpaceAvail</name>
         <value>0x8008b2e4</value>
         <object_component_ref idref="oc-304"/>
      </symbol>
      <symbol id="sm-11cf">
         <name>UARTAutobaudSpeedGet</name>
         <value>0x8008bf48</value>
         <object_component_ref idref="oc-304"/>
      </symbol>
      <symbol id="sm-11d0">
         <name>UARTCharGet</name>
         <value>0x8008b450</value>
         <object_component_ref idref="oc-304"/>
      </symbol>
      <symbol id="sm-11d1">
         <name>UARTSoftwareFlowCtrlOptSet</name>
         <value>0x8008b864</value>
         <object_component_ref idref="oc-304"/>
      </symbol>
      <symbol id="sm-11d2">
         <name>UARTModemControlClear</name>
         <value>0x8008bbf4</value>
         <object_component_ref idref="oc-304"/>
      </symbol>
      <symbol id="sm-11d3">
         <name>UARTRegConfigModeEnable</name>
         <value>0x8008a678</value>
         <object_component_ref idref="oc-304"/>
      </symbol>
      <symbol id="sm-11d4">
         <name>UARTRXCTSDSRTransitionStatusGet</name>
         <value>0x8008be04</value>
         <object_component_ref idref="oc-304"/>
      </symbol>
      <symbol id="sm-11d5">
         <name>UARTTxEmptyIntControl</name>
         <value>0x8008bd7c</value>
         <object_component_ref idref="oc-304"/>
      </symbol>
      <symbol id="sm-11d6">
         <name>UARTParityModeGet</name>
         <value>0x8008a810</value>
         <object_component_ref idref="oc-304"/>
      </symbol>
      <symbol id="sm-11d7">
         <name>UARTBreakCtl</name>
         <value>0x8008a710</value>
         <object_component_ref idref="oc-304"/>
      </symbol>
      <symbol id="sm-11d8">
         <name>_system_post_cinit</name>
         <value>0x0</value>
      </symbol>
      <symbol id="sm-11d9">
         <name>__TI_Handler_Table_Base</name>
         <value>0x0</value>
      </symbol>
      <symbol id="sm-11da">
         <name>__TI_Handler_Table_Limit</name>
         <value>0x0</value>
      </symbol>
      <symbol id="sm-11db">
         <name>__TI_CINIT_Limit</name>
         <value>0x0</value>
      </symbol>
      <symbol id="sm-11dc">
         <name>__TI_CINIT_Base</name>
         <value>0x0</value>
      </symbol>
   </symbol_table>
   <title>Link successful</title>
</link_info>
