******************************************************************************
                  TI ARM Linker PC v20.2.6                     
******************************************************************************
>> Linked Fri Nov 11 15:15:59 2022

OUTPUT FILE NAME:   <phoenix.out>
ENTRY POINT SYMBOL: "Entry"  address: 80000000


MEMORY CONFIGURATION

         name            origin    length      used     unused   attr    fill
----------------------  --------  ---------  --------  --------  ----  --------
  DDR_MEM               80000000   07ffffff  00090ac4  07f6f53b  RWIX


SEGMENT ALLOCATION MAP

run origin  load origin   length   init length attrs members
----------  ----------- ---------- ----------- ----- -------
80000000    80000000    00001124   00001124    r-x
  80000000    80000000    000000d8   000000d8    r-x .text:Entry
  800000d8    800000d8    0000104c   0000104c    r-- .const
80001124    80001124    00000018   00000018    rw-
  80001124    80001124    00000018   00000018    rw- .data
80004000    80004000    00075480   00000000    rw-
  80004000    80004000    00075480   00000000    rw- .bss
80079480    80079480    0001a500   0001a500    r-x
  80079480    80079480    0001a500   0001a500    r-x .text
87fffff0    87fffff0    00000008   00000000    rw-
  87fffff0    87fffff0    00000008   00000000    rw- .stack


SECTION ALLOCATION MAP

 output                                  attributes/
section   page    origin      length       input sections
--------  ----  ----------  ----------   ----------------
.text:Entry 
*          0    80000000    000000d8     
                  80000000    000000d0     system.lib : init.obj (.text:Entry)
                  800000d0    00000008     rtsv7A8_A_le_eabi.lib : autoinit.c.obj (.tramp.__TI_auto_init_nobinit_nopinit.1)

.const     0    800000d8    0000104c     
                  800000d8    000006a6     httpd.obj (.const:.string:data__index_html)
                  8000077e    0000034f     httpd.obj (.const:.string:data__img_sics_gif)
                  80000acd    000002b8     httpd.obj (.const:.string:data__404_html)
                  80000d85    00000003     --HOLE-- [fill = 0]
                  80000d88    00000078     lwiplib.obj (.const:.string)
                  80000e00    00000047     main.obj (.const:.string:$P$T6$7)
                  80000e47    00000046     main.obj (.const:.string:$P$T5$6)
                  80000e8d    00000044     main.obj (.const:.string:$P$T7$8)
                  80000ed1    00000041     main.obj (.const:.string:$P$T4$5)
                  80000f12    0000003d     main.obj (.const:.string:$P$T8$9)
                  80000f4f    00000001     --HOLE-- [fill = 0]
                  80000f50    00000038     system.lib : startup.obj (.const:vecTbl)
                  80000f88    00000034     main.obj (.const:.string:$P$T9$10)
                  80000fbc    0000002c     lwiplib.obj (.const:tcp_state_str)
                  80000fe8    0000001c     main.obj (.const:$P$T0$1)
                  80001004    0000001c     main.obj (.const:$P$T1$2)
                  80001020    0000001c     main.obj (.const:$P$T2$3)
                  8000103c    0000001c     lwiplib.obj (.const:memp_bases)
                  80001058    00000019     main.obj (.const:.string:$P$T3$4)
                  80001071    00000003     --HOLE-- [fill = 0]
                  80001074    00000014     utils.lib : uartStdio.obj (.const:.string)
                  80001088    00000014     httpd.obj (.const:file__404_html)
                  8000109c    00000014     httpd.obj (.const:file__img_sics_gif)
                  800010b0    00000014     httpd.obj (.const:file__index_html)
                  800010c4    00000010     lwiplib.obj (.const:tcp_pcb_lists)
                  800010d4    0000000e     lwiplib.obj (.const:memp_num)
                  800010e2    0000000e     lwiplib.obj (.const:memp_sizes)
                  800010f0    0000000d     lwiplib.obj (.const:.string:tcp_backoff)
                  800010fd    00000007     lwiplib.obj (.const:.string:tcp_persist_backoff)
                  80001104    00000006     lwiplib.obj (.const:ethbroadcast)
                  8000110a    00000006     lwiplib.obj (.const:ethzero)
                  80001110    00000005     main.obj (.const:.string:$P$T10$11)
                  80001115    00000003     --HOLE-- [fill = 0]
                  80001118    00000004     lwiplib.obj (.const:ip_addr_any)
                  8000111c    00000004     lwiplib.obj (.const:ip_addr_broadcast)
                  80001120    00000004     utils.lib : uartStdio.obj (.const)

.data      0    80001124    00000018     
                  80001124    00000014     lwiplib.obj (.data)
                  80001138    00000004     platform.lib : sysdelay.obj (.data)

.bss       0    80004000    00075480     UNINITIALIZED
                  80004000    0004ec00     (.common:memp_memory_PBUF_POOL_base)
                  80052c00    0002001c     (.common:ram_heap)
                  80072c1c    00000600     (.common:memp_memory_PBUF_base)
                  8007321c    00000200     (.common:fnRAMVectors)
                  8007341c    00000110     (.common:lwip_stats)
                  8007352c    00000100     (.common:memp_memory_TCP_PCB_LISTEN_base)
                  8007362c    00000100     (.common:memp_memory_TCP_SEG_base)
                  8007372c    000000a0     lwiplib.obj (.bss:arp_table)
                  800737cc    00000080     (.common:memp_memory_UDP_PCB_base)
                  8007384c    00000070     (.common:memp_memory_RAW_PCB_base)
                  800738bc    00000068     lwiplib.obj (.bss:cpswNetIF)
                  80073924    0000005c     lwiplib.obj (.bss:cpsw_inst_data)
                  80073980    00000054     lwiplib.obj (.bss:locatorData)
                  800739d4    00000033     lwiplib.obj (.bss)
                  80073a07    00000001     utils.lib : consoleUtils.obj (.bss)
                  80073a08    00000028     (.common:dhcp_rx_options_val)
                  80073a30    00000020     lwiplib.obj (.bss:cpswPortIf)
                  80073a50    0000001c     lwiplib.obj (.bss:memp_tab)
                  80073a6c    00000014     main.obj (.bss:cpswPhyParam)
                  80073a80    00000010     main.obj (.bss:cpswConfig)
                  80073a90    00000010     lwiplib.obj (.bss:inseg)
                  80073aa0    00000010     lwiplib.obj (.bss:str$5)
                  80073ab0    0000000c     (.common:dhcp_rx_options_given)
                  80073abc    00000004     (.common:current_header)
                  80073ac0    00000004     (.common:current_iphdr_dest)
                  80073ac4    00000004     (.common:current_iphdr_src)
                  80073ac8    00000004     (.common:current_netif)
                  80073acc    00000004     (.common:netif_default)
                  80073ad0    00000004     (.common:netif_list)
                  80073ad4    00000004     (.common:tcp_active_pcbs)
                  80073ad8    00000004     (.common:tcp_bound_pcbs)
                  80073adc    00000004     (.common:tcp_input_pcb)
                  80073ae0    00000004     (.common:tcp_listen_pcbs)
                  80073ae4    00000004     (.common:tcp_ticks)
                  80073ae8    00000004     (.common:tcp_tmp_pcb)
                  80073aec    00000004     (.common:tcp_tw_pcbs)
                  80073af0    00000004     (.common:udp_pcbs)
                  80073af4    0000050c     --HOLE--
                  80074000    00004000     main.obj (.bss:pageTable)
                  80078000    00001480     (.common:memp_memory_TCP_PCB_base)

.text      0    80079480    0001a500     
                  80079480    00010f08     lwiplib.obj (.text)
                  8008a388    00001d10     drivers.lib : uart_irda_cir.obj (.text)
                  8008c098    000019f8     utils.lib : uartStdio.obj (.text)
                  8008da90    000013a4     drivers.lib : cpsw.obj (.text)
                  8008ee34    00000864     main.obj (.text)
                  8008f698    000007a0     httpd.obj (.text)
                  8008fe38    00000780     platform.lib : dmtimer.obj (.text)
                  800905b8    0000069c     drivers.lib : dmtimer.obj (.text)
                  80090c54    00000638     utils.lib : ascii.obj (.text)
                  8009128c    0000049c     drivers.lib : phy.obj (.text)
                  80091728    00000488     system.lib : cp15.obj (.text)
                  80091bb0    000003e4                : interrupt.obj (.text)
                  80091f94    00000388     drivers.lib : watchdog.obj (.text)
                  8009231c    00000280     utils.lib : consoleUtils.obj (.text)
                  8009259c    00000270     platform.lib : uart.obj (.text)
                  8009280c    00000210                  : cpsw.obj (.text)
                  80092a1c    000001bc     drivers.lib : mdio.obj (.text)
                  80092bd8    00000180     rtsv7A8_A_le_eabi.lib : memcpy32.asm.obj (.text)
                  80092d58    00000170     platform.lib : sysdelay.obj (.text)
                  80092ec8    00000170     system.lib : mmu.obj (.text)
                  80093038    0000014c     platform.lib : uartConsole.obj (.text)
                  80093184    00000130     system.lib : cache.obj (.text)
                  800932b4    00000114     rtsv7A8_A_le_eabi.lib : i_div32.asm.obj (.text)
                  800933c8    0000010c     system.lib : exceptionhandler.obj (.text)
                  800934d4    000000f4     dmtimerCounter.obj (.text)
                  800935c8    000000f0     rtsv7A8_A_le_eabi.lib : u_div32.asm.obj (.text)
                  800936b8    000000b0                           : memset32.asm.obj (.text)
                  80093768    0000007c     system.lib : startup.obj (.text)
                  800937e4    00000068     rtsv7A8_A_le_eabi.lib : autoinit.c.obj (.text:__TI_auto_init_nobinit_nopinit:__TI_auto_init_nobinit_nopinit)
                  8009384c    00000060     system.lib : cpu.obj (.text)
                  800938ac    0000004c     utils.lib : delay.obj (.text)
                  800938f8    00000034     rtsv7A8_A_le_eabi.lib : strncmp.c.obj (.text:strncmp)
                  8009392c    00000028                           : strcmp.c.obj (.text:strcmp)
                  80093954    0000001c                           : strlen.c.obj (.text:strlen)
                  80093970    0000000c     system.lib : cpu.obj (.text:CPUIntStatus)
                  8009397c    00000004     rtsv7A8_A_le_eabi.lib : div0.asm.obj (.text)

.stack     0    87fffff0    00000008     UNINITIALIZED
                  87fffff0    00000008     --HOLE--

__llvm_prf_cnts 
*          0    80000000    00000000     UNINITIALIZED

MODULE SUMMARY

       Module                 code     ro data   rw data
       ------                 ----     -------   -------
    .\
       lwiplib.obj            69384    276       462179 
       main.obj               2148     501       16420  
       httpd.obj              1952     3305      0      
       dmtimerCounter.obj     244      0         0      
    +--+----------------------+--------+---------+---------+
       Total:                 73728    4082      478599 
                                                        
    C:/Users/sulavs/Downloads/ti_starterware/binary/armv7a/cgt_ccs/am335x/beaglebone/platform/Debug/platform.lib
       dmtimer.obj            1920     0         0      
       uart.obj               624      0         0      
       cpsw.obj               528      0         0      
       sysdelay.obj           368      0         4      
       uartConsole.obj        332      0         0      
    +--+----------------------+--------+---------+---------+
       Total:                 3772     0         4      
                                                        
    C:/Users/sulavs/Downloads/ti_starterware/binary/armv7a/cgt_ccs/am335x/drivers/Debug/drivers.lib
       uart_irda_cir.obj      7440     0         0      
       cpsw.obj               5028     0         0      
       dmtimer.obj            1692     0         0      
       phy.obj                1180     0         0      
       watchdog.obj           904      0         0      
       mdio.obj               444      0         0      
    +--+----------------------+--------+---------+---------+
       Total:                 16688    0         0      
                                                        
    C:/Users/sulavs/Downloads/ti_starterware/binary/armv7a/cgt_ccs/am335x/system_config/Debug/system.lib
       interrupt.obj          996      0         512    
       cp15.obj               1160     0         0      
       mmu.obj                368      0         0      
       cache.obj              304      0         0      
       exceptionhandler.obj   268      0         0      
       init.obj               208      0         0      
       startup.obj            124      56        0      
       cpu.obj                108      0         0      
    +--+----------------------+--------+---------+---------+
       Total:                 3536     56        512    
                                                        
    C:/Users/sulavs/Downloads/ti_starterware/binary/armv7a/cgt_ccs/utils/Debug/utils.lib
       uartStdio.obj          6648     24        0      
       ascii.obj              1592     0         0      
       consoleUtils.obj       640      0         1      
       delay.obj              76       0         0      
    +--+----------------------+--------+---------+---------+
       Total:                 8956     24        1      
                                                        
    C:\ti\ccs1200\ccs\tools\compiler\ti-cgt-arm_20.2.6.LTS\lib\rtsv7A8_A_le_eabi.lib
       memcpy32.asm.obj       384      0         0      
       i_div32.asm.obj        276      0         0      
       u_div32.asm.obj        240      0         0      
       memset32.asm.obj       176      0         0      
       autoinit.c.obj         112      0         0      
       strncmp.c.obj          52       0         0      
       strcmp.c.obj           40       0         0      
       strlen.c.obj           28       0         0      
       div0.asm.obj           4        0         0      
    +--+----------------------+--------+---------+---------+
       Total:                 1312     0         0      
                                                        
       Stack:                 0        0         8      
    +--+----------------------+--------+---------+---------+
       Grand Total:           107992   4162      479124 


FAR CALL TRAMPOLINES

callee name               trampoline name
   callee addr  tramp addr   call addr  call info
--------------  -----------  ---------  ----------------
__TI_auto_init_nobinit_nopinit  $Tramp$AA$S$$__TI_auto_init_nobinit_nopinit
   800937e4     800000d0     800000a8   system.lib : init.obj (.text:Entry)

[1 trampolines]
[1 trampoline calls]


GLOBAL SYMBOLS: SORTED ALPHABETICALLY BY Name 

address   name                             
-------   ----                             
80090c54  ASCIIToDigit                     
800934bc  AbortHandler                     
80091b84  CP15AuxControlFeatureDisable     
80091b70  CP15AuxControlFeatureEnable      
80091b18  CP15BranchPredictionDisable      
80091b08  CP15BranchPredictionEnable       
80091afc  CP15BranchPredictorInvalidate    
80091b38  CP15ControlFeatureDisable        
80091b4c  CP15ControlFeatureEnable         
80091814  CP15DCacheClean                  
8009194c  CP15DCacheCleanBuff              
800918a8  CP15DCacheCleanFlush             
800919a0  CP15DCacheCleanFlushBuff         
80091744  CP15DCacheDisable                
80091770  CP15DCacheEnable                 
80091780  CP15DCacheFlush                  
800919f4  CP15DCacheFlushBuff              
80091b28  CP15DomainAccessClientSet        
80091728  CP15ICacheDisable                
80091760  CP15ICacheEnable                 
8009193c  CP15ICacheFlush                  
80091a58  CP15ICacheFlushBuff              
80091ac4  CP15MMUDisable                   
80091adc  CP15MMUEnable                    
80091b98  CP15MainIdPrimPartNumGet         
80091ab8  CP15TlbInvalidate                
80091aac  CP15Ttb0Set                      
80091b60  CP15TtbCtlTtb0Config             
80091af0  CP15VectorBaseAddrSet            
8008dfd8  CPSWALEAUTHModeClear             
8008dfb4  CPSWALEAUTHModeSet               
8008dd7c  CPSWALEAgeOut                    
8008ddb0  CPSWALEBroadcastRateLimitSet     
8008e250  CPSWALEBypassDisable             
8008e22c  CPSWALEBypassEnable              
8008dd60  CPSWALEInit                      
8008de04  CPSWALEMulticastRateLimitSet     
8008de88  CPSWALEPortStateSet              
8008e0e0  CPSWALEPrescaleGet               
8008e0fc  CPSWALEPrescaleSet               
8008df90  CPSWALERateLimitDisable          
8008df6c  CPSWALERateLimitEnable           
8008df48  CPSWALERateLimitRXMode           
8008df24  CPSWALERateLimitTXMode           
8008e070  CPSWALETableEntryGet             
8008dffc  CPSWALETableEntrySet             
8008e1ec  CPSWALEUnknownMemberListSet      
8008e16c  CPSWALEUnknownRegFloodMaskSet    
8008e1ac  CPSWALEUnknownUnRegFloodMaskSet  
8008e12c  CPSWALEUnknownUntaggedEgressSet  
8008de58  CPSWALEVIDIngressCheckSet        
8008df00  CPSWALEVLANAwareClear            
8008dedc  CPSWALEVLANAwareSet              
8008e798  CPSWCPDMACmdIdleDisable          
8008e764  CPSWCPDMACmdIdleEnable           
8008e744  CPSWCPDMAConfig                  
8008e670  CPSWCPDMAEndOfIntVectorWrite     
8008e6e8  CPSWCPDMANumFreeBufSet           
8008e478  CPSWCPDMAReset                   
8008e7bc  CPSWCPDMARxBufOffsetSet          
8008e6bc  CPSWCPDMARxCPWrite               
8008e5fc  CPSWCPDMARxEnable                
8008e644  CPSWCPDMARxHdrDescPtrWrite       
8008e5b0  CPSWCPDMARxIntDisable            
8008e550  CPSWCPDMARxIntEnable             
8008e850  CPSWCPDMARxIntStatMaskedGet      
8008e824  CPSWCPDMARxIntStatRawGet         
8008e714  CPSWCPDMAStatusGet               
8008e690  CPSWCPDMATxCPWrite               
8008e5e0  CPSWCPDMATxEnable                
8008e618  CPSWCPDMATxHdrDescPtrWrite       
8008e580  CPSWCPDMATxIntDisable            
8008e520  CPSWCPDMATxIntEnable             
8008e800  CPSWCPDMATxIntStatMaskedGet      
8008e7dc  CPSWCPDMATxIntStatRawGet         
800928dc  CPSWClkEnable                    
8008eb60  CPSWContextRestore               
8008e87c  CPSWContextSave                  
8008e3e8  CPSWHostPortDualMacModeSet       
8009280c  CPSWPinMuxSetup                  
8008e384  CPSWPortSrcAddrSet               
8008e420  CPSWPortVLANConfig               
8008e2a4  CPSWRxFlowControlDisable         
8008e274  CPSWRxFlowControlEnable          
8008da90  CPSWSSReset                      
8008dae0  CPSWSlControlExtEnable           
8008dbd8  CPSWSlGMIIEnable                 
8008db04  CPSWSlGigModeForceDisable        
8008dabc  CPSWSlGigModeForceEnable         
8008db68  CPSWSlMACStatusGet               
8008dbfc  CPSWSlRGMIIEnable                
8008db8c  CPSWSlReset                      
8008dbb8  CPSWSlRxMaxLenSet                
8008db28  CPSWSlTransferModeSet            
8008e2f8  CPSWSoftwareIdleDisable          
8008e2d4  CPSWSoftwareIdleEnable           
8008e320  CPSWStatisticsEnable             
8008e458  CPSWStatisticsGet                
8008e360  CPSWVLANAwareDisable             
8008e33c  CPSWVLANAwareEnable              
8008dc50  CPSWWrControlRegReset            
8008dcb4  CPSWWrCoreIntDisable             
8008dc6c  CPSWWrCoreIntEnable              
8008dcfc  CPSWWrCoreIntStatusGet           
8008dd3c  CPSWWrRGMIIStatusGet             
8008dc24  CPSWWrReset                      
80093868  CPUAbortHandler                  
80093970  CPUIntStatus                     
8009384c  CPUSwitchToPrivilegedMode        
80093854  CPUSwitchToUserMode              
8009388c  CPUfiqd                          
8009389c  CPUfiqe                          
8009386c  CPUirqd                          
8009387c  CPUirqe                          
80093248  CacheDataCleanAll                
80093260  CacheDataCleanBuff               
8009323c  CacheDataCleanInvalidateAll      
80093298  CacheDataCleanInvalidateBuff     
80093254  CacheDataInvalidateAll           
8009327c  CacheDataInvalidateBuff          
80093184  CacheDisable                     
800931c8  CacheEnable                      
80093214  CacheInstInvalidateAll           
80093220  CacheInstInvalidateBuff          
800924a4  ConsoleUtilsGetChar              
8009241c  ConsoleUtilsGets                 
8009231c  ConsoleUtilsInit                 
8009235c  ConsoleUtilsPrintf               
80092514  ConsoleUtilsPutChar              
80092468  ConsoleUtilsPuts                 
800923b4  ConsoleUtilsScanf                
80092328  ConsoleUtilsSetType              
800904dc  DMTimer1msModuleClkConfig        
8008ffc4  DMTimer2ModuleClkConfig          
8008fe38  DMTimer3ModuleClkConfig          
80090150  DMTimer4ModuleClkConfig          
800902e0  DMTimer6ModuleClkConfig          
80090350  DMTimer7ModuleClkConfig          
800908f8  DMTimerCompareGet                
800908bc  DMTimerCompareSet                
80090b18  DMTimerContextRestore            
80090a98  DMTimerContextSave               
800907b4  DMTimerCounterGet                
80090778  DMTimerCounterSet                
800905f8  DMTimerDisable                   
800905b8  DMTimerEnable                    
8009083c  DMTimerGPOConfigure              
800909ac  DMTimerIntDisable                
80090988  DMTimerIntEnable                 
80090a08  DMTimerIntEnableGet              
80090934  DMTimerIntRawStatusGet           
80090910  DMTimerIntRawStatusSet           
80090964  DMTimerIntStatusClear            
8009094c  DMTimerIntStatusGet              
80090638  DMTimerModeConfigure             
80090bf8  DMTimerPostedModeConfig          
80090738  DMTimerPreScalerClkDisable       
800906b8  DMTimerPreScalerClkEnable        
80090824  DMTimerReloadGet                 
800907e8  DMTimerReloadSet                 
80090a64  DMTimerReset                     
80090a20  DMTimerResetConfigure            
800909d0  DMTimerTriggerSet                
80090c3c  DMTimerWritePostedStatusGet      
80091144  DateToStr                        
800938ac  DelayTimerSetup                  
80090d28  DigitToASCII                     
80092928  EVMMACAddrGet                    
80092918  EVMPortMIIModeSelect             
80000000  Entry                            
80090ed8  EthrAddrToStr                    
800934b8  FIQHandler                       
8009340c  IRQHandler                       
80091bf8  IntAINTCInit                     
80091d30  IntActiveIrqNumGet               
80091dc8  IntCurrIrqPriorityGet            
80091f20  IntDisable                       
80091f38  IntEnable                        
80091db4  IntFuncClkAutoGateSet            
80091da0  IntFuncClkFreeRunSet             
80091d1c  IntIfClkAutoGateSet              
80091d08  IntIfClkFreeRunSet               
80091f08  IntMasterFIQDisable              
80091efc  IntMasterFIQEnable               
80091ef0  IntMasterIRQDisable              
80091ee4  IntMasterIRQEnable               
80091f14  IntMasterStatusGet               
80091ea8  IntPendingIrqMaskedStatusGet     
80091c68  IntPrioritySet                   
80091dd8  IntPriorityThresholdGet          
80091de8  IntPriorityThresholdSet          
80091d64  IntProtectionDisable             
80091d54  IntProtectionEnable              
80091e08  IntRawStatusGet                  
80091bb4  IntRegister                      
80091e78  IntSoftwareIntClear              
80091e48  IntSoftwareIntSet                
80091d40  IntSpurIrqFlagGet                
80091d8c  IntSyncClkAutoGateSet            
80091d78  IntSyncClkFreeRunSet             
80091cd4  IntSystemDisable                 
80091ca0  IntSystemEnable                  
80091bd8  IntUnRegister                    
800938ec  IsTimerElapsed                   
80089d58  LocatorConfig                    
80092bb0  MDIOContextRestore               
80092b8c  MDIOContextSave                  
80092b44  MDIOInit                         
80092b14  MDIOPhyAliveStatusGet            
80092b2c  MDIOPhyLinkStatusGet             
80092a1c  MDIOPhyRegRead                   
80092aac  MDIOPhyRegWrite                  
8009301c  MMUEnable                        
80092ec8  MMUInit                          
80092f28  MMUMemRegionMap                  
80091608  PhyAutoNegStatusGet              
800914a8  PhyAutoNegotiate                 
80091470  PhyConfigure                     
8009128c  PhyIDGet                         
800916b0  PhyLinkStatusGet                 
800913b4  PhyLoopBackDisable               
8009135c  PhyLoopBackEnable                
80091644  PhyPartnerAbilityGet             
800912f4  PhyRegRead                       
80091328  PhyRegWrite                      
8009140c  PhyReset                         
800933e4  SVC_Handler                      
800938cc  StartTimer                       
800938e0  StopTimer                        
80090dc4  StrToEthrAddr                    
80092d58  SysDelayTimerSetup               
80092e88  SysIsTimerElapsed                
80092e1c  SysStartTimer                    
80092e6c  SysStopTimer                     
80092da0  Sysdelay                         
80090ffc  TimeToStr                        
800925d0  UART0ModuleClkConfig             
8008b9c8  UARTAutoIdleModeControl          
8008b774  UARTAutoRTSAutoCTSControl        
8008beb0  UARTAutobaudParityGet            
8008bf48  UARTAutobaudSpeedGet             
8008befc  UARTAutobaudWordLenGet           
8008a710  UARTBreakCtl                     
8008b450  UARTCharGet                      
8008b3f8  UARTCharGetNonBlocking           
8008b4a8  UARTCharGetTimeout               
8008b538  UARTCharPut                      
8008b38c  UARTCharPutNonBlocking           
8008b338  UARTCharsAvail                   
80093160  UARTConsoleGetc                  
80093124  UARTConsoleInit                  
80093148  UARTConsolePutc                  
8008be20  UARTDMACounterResetControl       
8008ac4c  UARTDMADisable                   
8008abf0  UARTDMAEnable                    
8008bd38  UARTDSRInterruptControl          
8008a654  UARTDivisorLatchDisable          
8008a630  UARTDivisorLatchEnable           
8008a4ac  UARTDivisorLatchWrite            
8008a3e8  UARTDivisorValCompute            
8008ad70  UARTEnhanFuncBitValRestore       
8008ad10  UARTEnhanFuncEnable              
8008b5ac  UARTFIFOCharGet                  
8008b58c  UARTFIFOCharPut                  
8008a82c  UARTFIFOConfig                   
8008b720  UARTFIFOEnableStatusGet          
8008ac84  UARTFIFORegisterWrite            
8008bcd4  UARTFIFOTrigLvlGranControl       
8008b5c8  UARTFIFOWrite                    
8008ba0c  UARTFlowCtrlTrigLvlConfig        
8008c588  UARTGetHexNum                    
8008c4d4  UARTGetNum                       
8008c7f4  UARTGetc                         
8008c200  UARTGets                         
8008b940  UARTIdleModeConfigure            
8008b21c  UARTIntDisable                   
8008b138  UARTIntEnable                    
8008b680  UARTIntIdentityGet               
8008b6cc  UARTIntPendingStatusGet          
8008a754  UARTLineCharacConfig             
8008bb80  UARTLoopbackModeControl          
8008bbf4  UARTModemControlClear            
8008bbc4  UARTModemControlSet              
8008bc40  UARTModemStatusChangeCheck       
8008bc24  UARTModemStatusGet               
8008b90c  UARTModuleReset                  
8008bff4  UARTModuleVersionNumberGet       
8008a388  UARTOperatingModeSelect          
8008a810  UARTParityModeGet                
8008a7cc  UARTParityModeSet                
8009259c  UARTPinMuxSetup                  
8008d580  UARTPrintf                       
8008b8c8  UARTPulseShapingControl          
8008c3a8  UARTPutHexNum                    
8008c2ac  UARTPutNum                       
8008c7e0  UARTPutc                         
8008c148  UARTPuts                         
8008be04  UARTRXCTSDSRTransitionStatusGet  
8008bdc0  UARTRXCTSDSRWakeUpConfigure      
8008a6f0  UARTRegConfModeRestore           
8008a678  UARTRegConfigModeEnable          
8008bc5c  UARTResumeOperation              
8008b634  UARTRxErrorGet                   
8008be98  UARTRxFIFOLevelGet               
8008cd98  UARTScanf                        
8008bfd8  UARTScratchPadRegRead            
8008bf94  UARTScratchPadRegWrite           
8008b864  UARTSoftwareFlowCtrlOptSet       
8008b2e4  UARTSpaceAvail                   
8008b800  UARTSpecialCharDetectControl     
8008c13c  UARTStdioInit                    
8008add4  UARTSubConfigMSRSPRModeEn        
8008aeac  UARTSubConfigTCRTLRModeEn        
8008af84  UARTSubConfigXOFFModeEn          
8008b05c  UARTTCRTLRBitValRestore          
8008c010  UARTTxDMAThresholdControl        
8008c054  UARTTxDMAThresholdValConfig      
8008bd7c  UARTTxEmptyIntControl            
8008be64  UARTTxFIFOFullStatusGet          
8008be80  UARTTxFIFOLevelGet               
8008b984  UARTWakeUpControl                
8008bca4  UARTWakeUpEventsDisable          
8008bc74  UARTWakeUpEventsEnable           
8008ba5c  UARTXON1XOFF1ValProgram          
8008ba8c  UARTXON2XOFF2ValProgram          
8008babc  UARTXONAnyFeatureControl         
8008c874  UARTprintf                       
8008c800  UARTwrite                        
800934bc  UndefInstHandler                 
80092148  WatchdogTimerCounterGet          
80092118  WatchdogTimerCounterSet          
80092208  WatchdogTimerDelayGet            
800921d8  WatchdogTimerDelaySet            
80091fe0  WatchdogTimerDisable             
80091f94  WatchdogTimerEnable              
800922d4  WatchdogTimerIntDisable          
80092298  WatchdogTimerIntEnable           
800922bc  WatchdogTimerIntEnableStatusGet  
80092244  WatchdogTimerIntRawStatusGet     
80092220  WatchdogTimerIntRawStatusSet     
80092274  WatchdogTimerIntStatusClear      
8009225c  WatchdogTimerIntStatusGet        
800920e4  WatchdogTimerPreScalerClkDisable 
80092078  WatchdogTimerPreScalerClkEnable  
80092190  WatchdogTimerReloadGet           
80092160  WatchdogTimerReloadSet           
80092044  WatchdogTimerReset               
8009202c  WatchdogTimerRevisionIDGet       
800921a8  WatchdogTimerTriggerSet          
800922f8  WatchdogTimerWritePostedStatusGet
87fffff8  __STACK_END                      
00000008  __STACK_SIZE                     
UNDEFED   __TI_CINIT_Base                  
UNDEFED   __TI_CINIT_Limit                 
UNDEFED   __TI_Handler_Table_Base          
UNDEFED   __TI_Handler_Table_Limit         
800937e4  __TI_auto_init_nobinit_nopinit   
ffffffff  __TI_pprof_out_hndl              
ffffffff  __TI_prof_data_size              
ffffffff  __TI_prof_data_start             
80000000  __TI_static_base__               
800932b4  __aeabi_idiv                     
8009397c  __aeabi_idiv0                    
800932b4  __aeabi_idivmod                  
8009397c  __aeabi_ldiv0                    
800936b8  __aeabi_memclr                   
800936b8  __aeabi_memclr4                  
800936b8  __aeabi_memclr8                  
80092bd8  __aeabi_memcpy                   
80092bd8  __aeabi_memcpy4                  
80092bd8  __aeabi_memcpy8                  
800936bc  __aeabi_memset                   
800936bc  __aeabi_memset4                  
800936bc  __aeabi_memset8                  
800935c8  __aeabi_uidiv                    
800935c8  __aeabi_uidivmod                 
ffffffff  __binit__                        
ffffffff  __c_args__                       
87fffff0  __stack                          
80000000  __start___llvm_prf_cnts          
80000000  __stop___llvm_prf_cnts           
UNDEFED   _system_post_cinit               
ffffffff  binit                            
80079480  bss_end                          
80004000  bss_start                        
80089a48  cpsw_switch_configuration        
80089578  cpswif_init                      
800899a8  cpswif_link_status               
80089974  cpswif_netif_status              
80089638  cpswif_rx_inthandler             
800897cc  cpswif_tx_inthandler             
80073abc  current_header                   
80073ac0  current_iphdr_dest               
80073ac4  current_iphdr_src                
80073ac8  current_netif                    
800938b8  delay                            
80079bc4  dhcp_cleanup                     
80079778  dhcp_coarse_tmr                  
8007980c  dhcp_fine_tmr                    
80079d84  dhcp_inform                      
80079ed0  dhcp_network_changed             
8007a63c  dhcp_release                     
8007a2b8  dhcp_renew                       
80073ab0  dhcp_rx_options_given            
80073a08  dhcp_rx_options_val              
80079b98  dhcp_set_struct                  
80079bf8  dhcp_start                       
8007a7b0  dhcp_stop                        
80086f08  etharp_find_addr                 
8008723c  etharp_output                    
80087424  etharp_query                     
8008783c  etharp_request                   
80086a00  etharp_tmr                       
80001104  ethbroadcast                     
80087894  ethernet_input                   
8000110a  ethzero                          
80001088  file__404_html                   
8000109c  file__img_sics_gif               
800010b0  file__index_html                 
8007321c  fnRAMVectors                     
8008f698  fs_open                          
8008fdac  httpd_init                       
80085368  icmp_dest_unreach                
80085008  icmp_input                       
8008599c  inet_chksum                      
800859c0  inet_chksum_pbuf                 
800855dc  inet_chksum_pseudo               
800857a8  inet_chksum_pseudo_partial       
8008635c  ip4_addr_isbroadcast             
8008642c  ip4_addr_netmask_valid           
80001118  ip_addr_any                      
8000111c  ip_addr_broadcast                
80085bb8  ip_input                         
800862e4  ip_output                        
80086058  ip_output_if                     
80085abc  ip_route                         
800864c0  ipaddr_addr                      
800864ec  ipaddr_aton                      
80086820  ipaddr_ntoa                      
8008683c  ipaddr_ntoa_r                    
8008a25c  lwIPDHCPStart                    
80089fcc  lwIPInit                         
8008a214  lwIPLinkStatusGet                
8008a1dc  lwIPNetIfStatusGet               
8008a230  lwIPRxIntHandler                 
8008a248  lwIPTxIntHandler                 
800794c0  lwip_htonl                       
80079480  lwip_htons                       
8007b560  lwip_init                        
800794fc  lwip_ntohl                       
800794ac  lwip_ntohs                       
8007341c  lwip_stats                       
8008f174  main                             
8007bdf4  mem_calloc                       
8007b76c  mem_free                         
8007b6bc  mem_init                         
8007bb2c  mem_malloc                       
8007b840  mem_trim                         
80092bd8  memcpy                           
8007c068  memp_free                        
8007be40  memp_init                        
8007bf90  memp_malloc                      
80004000  memp_memory_PBUF_POOL_base       
80072c1c  memp_memory_PBUF_base            
8007384c  memp_memory_RAW_PCB_base         
8007352c  memp_memory_TCP_PCB_LISTEN_base  
80078000  memp_memory_TCP_PCB_base         
8007362c  memp_memory_TCP_SEG_base         
800737cc  memp_memory_UDP_PCB_base         
800936c8  memset                           
8007c0dc  netif_add                        
80073acc  netif_default                    
8007c2ec  netif_find                       
8007c0d8  netif_init                       
80073ad0  netif_list                       
8007c200  netif_remove                     
8007c1bc  netif_set_addr                   
8007c568  netif_set_default                
8007c5ec  netif_set_down                   
8007c4f8  netif_set_gw                     
8007c3a4  netif_set_ipaddr                 
8007c690  netif_set_link_down              
8007c61c  netif_set_link_up                
8007c530  netif_set_netmask                
8007c590  netif_set_up                     
8007c6d0  pbuf_alloc                       
8007ce90  pbuf_cat                         
8007cf24  pbuf_chain                       
8007cdf0  pbuf_clen                        
8007d440  pbuf_coalesce                    
8007cfd8  pbuf_copy                        
8007d1b0  pbuf_copy_partial                
8007cf48  pbuf_dechain                     
8007cce0  pbuf_free                        
8007d4b0  pbuf_get_at                      
8007cb68  pbuf_header                      
8007d550  pbuf_memcmp                      
8007d664  pbuf_memfind                     
8007ca2c  pbuf_realloc                     
8007ce44  pbuf_ref                         
8007d710  pbuf_strstr                      
8007d320  pbuf_take                        
800879c0  perf_init                        
80052c00  ram_heap                         
8007d8d8  raw_bind                         
8007d914  raw_connect                      
8007d790  raw_input                        
8007dba8  raw_new                          
8007d950  raw_recv                         
8007db00  raw_remove                       
8007dadc  raw_send                         
8007d980  raw_sendto                       
80093768  start_boot                       
8007dc14  stats_init                       
8009392c  strcmp                           
80093954  strlen                           
800938f8  strncmp                          
800879d0  sys_arch_protect                 
800879ec  sys_arch_unprotect               
8007e0c8  tcp_abandon                      
8007e224  tcp_abort                        
8007f748  tcp_accept                       
80073ad4  tcp_active_pcbs                  
8007f4f4  tcp_alloc                        
8007f6c4  tcp_arg                          
800010f0  tcp_backoff                      
8007e23c  tcp_bind                         
80073ad8  tcp_bound_pcbs                   
8007dfdc  tcp_close                        
8007e7dc  tcp_connect                      
8007fa14  tcp_debug_state_str              
8007f9a8  tcp_eff_send_mss                 
80083470  tcp_enqueue_flags                
8007f728  tcp_err                          
8007f0fc  tcp_fasttmr                      
8007fa48  tcp_input                        
80073adc  tcp_input_pcb                    
800841bc  tcp_keepalive                    
80073ae0  tcp_listen_pcbs                  
8007e3dc  tcp_listen_with_backlog          
8007f6b4  tcp_new                          
8007f984  tcp_next_iss                     
800837b4  tcp_output                       
800010c4  tcp_pcb_lists                    
8007f798  tcp_pcb_purge                    
8007f858  tcp_pcb_remove                   
800010fd  tcp_persist_backoff              
8007f768  tcp_poll                         
8007f6e4  tcp_recv                         
8007f308  tcp_recv_null                    
8007e6a0  tcp_recved                       
80084010  tcp_rexmit                       
800840e0  tcp_rexmit_fast                  
80083f78  tcp_rexmit_rto                   
80083e54  tcp_rst                          
8007f2bc  tcp_seg_copy                     
8007f258  tcp_seg_free                     
8007f218  tcp_segs_free                    
800836d8  tcp_send_empty_ack               
80082928  tcp_send_fin                     
8007f704  tcp_sent                         
8007f29c  tcp_setprio                      
8007e014  tcp_shutdown                     
8007eaa4  tcp_slowtmr                      
80000fbc  tcp_state_str                    
80073ae4  tcp_ticks                        
80079510  tcp_timer_needed                 
80073ae8  tcp_tmp_pcb                      
8007dc18  tcp_tmr                          
80073aec  tcp_tw_pcbs                      
8007e5c0  tcp_update_rcv_ann_wnd           
80082d98  tcp_write                        
80084280  tcp_zero_window_probe            
800934d4  timerInit                        
80084bf0  udp_bind                         
80084db8  udp_connect                      
80084eb8  udp_disconnect                   
80084440  udp_input                        
80084fc8  udp_new                          
80073af0  udp_pcbs                         
80084ef0  udp_recv                         
80084f20  udp_remove                       
8008490c  udp_send                         
80084938  udp_sendto                       
800849a4  udp_sendto_if                    


GLOBAL SYMBOLS: SORTED BY Symbol Address 

address   name                             
-------   ----                             
00000008  __STACK_SIZE                     
80000000  Entry                            
80000000  __TI_static_base__               
80000000  __start___llvm_prf_cnts          
80000000  __stop___llvm_prf_cnts           
80000fbc  tcp_state_str                    
80001088  file__404_html                   
8000109c  file__img_sics_gif               
800010b0  file__index_html                 
800010c4  tcp_pcb_lists                    
800010f0  tcp_backoff                      
800010fd  tcp_persist_backoff              
80001104  ethbroadcast                     
8000110a  ethzero                          
80001118  ip_addr_any                      
8000111c  ip_addr_broadcast                
80004000  bss_start                        
80004000  memp_memory_PBUF_POOL_base       
80052c00  ram_heap                         
80072c1c  memp_memory_PBUF_base            
8007321c  fnRAMVectors                     
8007341c  lwip_stats                       
8007352c  memp_memory_TCP_PCB_LISTEN_base  
8007362c  memp_memory_TCP_SEG_base         
800737cc  memp_memory_UDP_PCB_base         
8007384c  memp_memory_RAW_PCB_base         
80073a08  dhcp_rx_options_val              
80073ab0  dhcp_rx_options_given            
80073abc  current_header                   
80073ac0  current_iphdr_dest               
80073ac4  current_iphdr_src                
80073ac8  current_netif                    
80073acc  netif_default                    
80073ad0  netif_list                       
80073ad4  tcp_active_pcbs                  
80073ad8  tcp_bound_pcbs                   
80073adc  tcp_input_pcb                    
80073ae0  tcp_listen_pcbs                  
80073ae4  tcp_ticks                        
80073ae8  tcp_tmp_pcb                      
80073aec  tcp_tw_pcbs                      
80073af0  udp_pcbs                         
80078000  memp_memory_TCP_PCB_base         
80079480  bss_end                          
80079480  lwip_htons                       
800794ac  lwip_ntohs                       
800794c0  lwip_htonl                       
800794fc  lwip_ntohl                       
80079510  tcp_timer_needed                 
80079778  dhcp_coarse_tmr                  
8007980c  dhcp_fine_tmr                    
80079b98  dhcp_set_struct                  
80079bc4  dhcp_cleanup                     
80079bf8  dhcp_start                       
80079d84  dhcp_inform                      
80079ed0  dhcp_network_changed             
8007a2b8  dhcp_renew                       
8007a63c  dhcp_release                     
8007a7b0  dhcp_stop                        
8007b560  lwip_init                        
8007b6bc  mem_init                         
8007b76c  mem_free                         
8007b840  mem_trim                         
8007bb2c  mem_malloc                       
8007bdf4  mem_calloc                       
8007be40  memp_init                        
8007bf90  memp_malloc                      
8007c068  memp_free                        
8007c0d8  netif_init                       
8007c0dc  netif_add                        
8007c1bc  netif_set_addr                   
8007c200  netif_remove                     
8007c2ec  netif_find                       
8007c3a4  netif_set_ipaddr                 
8007c4f8  netif_set_gw                     
8007c530  netif_set_netmask                
8007c568  netif_set_default                
8007c590  netif_set_up                     
8007c5ec  netif_set_down                   
8007c61c  netif_set_link_up                
8007c690  netif_set_link_down              
8007c6d0  pbuf_alloc                       
8007ca2c  pbuf_realloc                     
8007cb68  pbuf_header                      
8007cce0  pbuf_free                        
8007cdf0  pbuf_clen                        
8007ce44  pbuf_ref                         
8007ce90  pbuf_cat                         
8007cf24  pbuf_chain                       
8007cf48  pbuf_dechain                     
8007cfd8  pbuf_copy                        
8007d1b0  pbuf_copy_partial                
8007d320  pbuf_take                        
8007d440  pbuf_coalesce                    
8007d4b0  pbuf_get_at                      
8007d550  pbuf_memcmp                      
8007d664  pbuf_memfind                     
8007d710  pbuf_strstr                      
8007d790  raw_input                        
8007d8d8  raw_bind                         
8007d914  raw_connect                      
8007d950  raw_recv                         
8007d980  raw_sendto                       
8007dadc  raw_send                         
8007db00  raw_remove                       
8007dba8  raw_new                          
8007dc14  stats_init                       
8007dc18  tcp_tmr                          
8007dfdc  tcp_close                        
8007e014  tcp_shutdown                     
8007e0c8  tcp_abandon                      
8007e224  tcp_abort                        
8007e23c  tcp_bind                         
8007e3dc  tcp_listen_with_backlog          
8007e5c0  tcp_update_rcv_ann_wnd           
8007e6a0  tcp_recved                       
8007e7dc  tcp_connect                      
8007eaa4  tcp_slowtmr                      
8007f0fc  tcp_fasttmr                      
8007f218  tcp_segs_free                    
8007f258  tcp_seg_free                     
8007f29c  tcp_setprio                      
8007f2bc  tcp_seg_copy                     
8007f308  tcp_recv_null                    
8007f4f4  tcp_alloc                        
8007f6b4  tcp_new                          
8007f6c4  tcp_arg                          
8007f6e4  tcp_recv                         
8007f704  tcp_sent                         
8007f728  tcp_err                          
8007f748  tcp_accept                       
8007f768  tcp_poll                         
8007f798  tcp_pcb_purge                    
8007f858  tcp_pcb_remove                   
8007f984  tcp_next_iss                     
8007f9a8  tcp_eff_send_mss                 
8007fa14  tcp_debug_state_str              
8007fa48  tcp_input                        
80082928  tcp_send_fin                     
80082d98  tcp_write                        
80083470  tcp_enqueue_flags                
800836d8  tcp_send_empty_ack               
800837b4  tcp_output                       
80083e54  tcp_rst                          
80083f78  tcp_rexmit_rto                   
80084010  tcp_rexmit                       
800840e0  tcp_rexmit_fast                  
800841bc  tcp_keepalive                    
80084280  tcp_zero_window_probe            
80084440  udp_input                        
8008490c  udp_send                         
80084938  udp_sendto                       
800849a4  udp_sendto_if                    
80084bf0  udp_bind                         
80084db8  udp_connect                      
80084eb8  udp_disconnect                   
80084ef0  udp_recv                         
80084f20  udp_remove                       
80084fc8  udp_new                          
80085008  icmp_input                       
80085368  icmp_dest_unreach                
800855dc  inet_chksum_pseudo               
800857a8  inet_chksum_pseudo_partial       
8008599c  inet_chksum                      
800859c0  inet_chksum_pbuf                 
80085abc  ip_route                         
80085bb8  ip_input                         
80086058  ip_output_if                     
800862e4  ip_output                        
8008635c  ip4_addr_isbroadcast             
8008642c  ip4_addr_netmask_valid           
800864c0  ipaddr_addr                      
800864ec  ipaddr_aton                      
80086820  ipaddr_ntoa                      
8008683c  ipaddr_ntoa_r                    
80086a00  etharp_tmr                       
80086f08  etharp_find_addr                 
8008723c  etharp_output                    
80087424  etharp_query                     
8008783c  etharp_request                   
80087894  ethernet_input                   
800879c0  perf_init                        
800879d0  sys_arch_protect                 
800879ec  sys_arch_unprotect               
80089578  cpswif_init                      
80089638  cpswif_rx_inthandler             
800897cc  cpswif_tx_inthandler             
80089974  cpswif_netif_status              
800899a8  cpswif_link_status               
80089a48  cpsw_switch_configuration        
80089d58  LocatorConfig                    
80089fcc  lwIPInit                         
8008a1dc  lwIPNetIfStatusGet               
8008a214  lwIPLinkStatusGet                
8008a230  lwIPRxIntHandler                 
8008a248  lwIPTxIntHandler                 
8008a25c  lwIPDHCPStart                    
8008a388  UARTOperatingModeSelect          
8008a3e8  UARTDivisorValCompute            
8008a4ac  UARTDivisorLatchWrite            
8008a630  UARTDivisorLatchEnable           
8008a654  UARTDivisorLatchDisable          
8008a678  UARTRegConfigModeEnable          
8008a6f0  UARTRegConfModeRestore           
8008a710  UARTBreakCtl                     
8008a754  UARTLineCharacConfig             
8008a7cc  UARTParityModeSet                
8008a810  UARTParityModeGet                
8008a82c  UARTFIFOConfig                   
8008abf0  UARTDMAEnable                    
8008ac4c  UARTDMADisable                   
8008ac84  UARTFIFORegisterWrite            
8008ad10  UARTEnhanFuncEnable              
8008ad70  UARTEnhanFuncBitValRestore       
8008add4  UARTSubConfigMSRSPRModeEn        
8008aeac  UARTSubConfigTCRTLRModeEn        
8008af84  UARTSubConfigXOFFModeEn          
8008b05c  UARTTCRTLRBitValRestore          
8008b138  UARTIntEnable                    
8008b21c  UARTIntDisable                   
8008b2e4  UARTSpaceAvail                   
8008b338  UARTCharsAvail                   
8008b38c  UARTCharPutNonBlocking           
8008b3f8  UARTCharGetNonBlocking           
8008b450  UARTCharGet                      
8008b4a8  UARTCharGetTimeout               
8008b538  UARTCharPut                      
8008b58c  UARTFIFOCharPut                  
8008b5ac  UARTFIFOCharGet                  
8008b5c8  UARTFIFOWrite                    
8008b634  UARTRxErrorGet                   
8008b680  UARTIntIdentityGet               
8008b6cc  UARTIntPendingStatusGet          
8008b720  UARTFIFOEnableStatusGet          
8008b774  UARTAutoRTSAutoCTSControl        
8008b800  UARTSpecialCharDetectControl     
8008b864  UARTSoftwareFlowCtrlOptSet       
8008b8c8  UARTPulseShapingControl          
8008b90c  UARTModuleReset                  
8008b940  UARTIdleModeConfigure            
8008b984  UARTWakeUpControl                
8008b9c8  UARTAutoIdleModeControl          
8008ba0c  UARTFlowCtrlTrigLvlConfig        
8008ba5c  UARTXON1XOFF1ValProgram          
8008ba8c  UARTXON2XOFF2ValProgram          
8008babc  UARTXONAnyFeatureControl         
8008bb80  UARTLoopbackModeControl          
8008bbc4  UARTModemControlSet              
8008bbf4  UARTModemControlClear            
8008bc24  UARTModemStatusGet               
8008bc40  UARTModemStatusChangeCheck       
8008bc5c  UARTResumeOperation              
8008bc74  UARTWakeUpEventsEnable           
8008bca4  UARTWakeUpEventsDisable          
8008bcd4  UARTFIFOTrigLvlGranControl       
8008bd38  UARTDSRInterruptControl          
8008bd7c  UARTTxEmptyIntControl            
8008bdc0  UARTRXCTSDSRWakeUpConfigure      
8008be04  UARTRXCTSDSRTransitionStatusGet  
8008be20  UARTDMACounterResetControl       
8008be64  UARTTxFIFOFullStatusGet          
8008be80  UARTTxFIFOLevelGet               
8008be98  UARTRxFIFOLevelGet               
8008beb0  UARTAutobaudParityGet            
8008befc  UARTAutobaudWordLenGet           
8008bf48  UARTAutobaudSpeedGet             
8008bf94  UARTScratchPadRegWrite           
8008bfd8  UARTScratchPadRegRead            
8008bff4  UARTModuleVersionNumberGet       
8008c010  UARTTxDMAThresholdControl        
8008c054  UARTTxDMAThresholdValConfig      
8008c13c  UARTStdioInit                    
8008c148  UARTPuts                         
8008c200  UARTGets                         
8008c2ac  UARTPutNum                       
8008c3a8  UARTPutHexNum                    
8008c4d4  UARTGetNum                       
8008c588  UARTGetHexNum                    
8008c7e0  UARTPutc                         
8008c7f4  UARTGetc                         
8008c800  UARTwrite                        
8008c874  UARTprintf                       
8008cd98  UARTScanf                        
8008d580  UARTPrintf                       
8008da90  CPSWSSReset                      
8008dabc  CPSWSlGigModeForceEnable         
8008dae0  CPSWSlControlExtEnable           
8008db04  CPSWSlGigModeForceDisable        
8008db28  CPSWSlTransferModeSet            
8008db68  CPSWSlMACStatusGet               
8008db8c  CPSWSlReset                      
8008dbb8  CPSWSlRxMaxLenSet                
8008dbd8  CPSWSlGMIIEnable                 
8008dbfc  CPSWSlRGMIIEnable                
8008dc24  CPSWWrReset                      
8008dc50  CPSWWrControlRegReset            
8008dc6c  CPSWWrCoreIntEnable              
8008dcb4  CPSWWrCoreIntDisable             
8008dcfc  CPSWWrCoreIntStatusGet           
8008dd3c  CPSWWrRGMIIStatusGet             
8008dd60  CPSWALEInit                      
8008dd7c  CPSWALEAgeOut                    
8008ddb0  CPSWALEBroadcastRateLimitSet     
8008de04  CPSWALEMulticastRateLimitSet     
8008de58  CPSWALEVIDIngressCheckSet        
8008de88  CPSWALEPortStateSet              
8008dedc  CPSWALEVLANAwareSet              
8008df00  CPSWALEVLANAwareClear            
8008df24  CPSWALERateLimitTXMode           
8008df48  CPSWALERateLimitRXMode           
8008df6c  CPSWALERateLimitEnable           
8008df90  CPSWALERateLimitDisable          
8008dfb4  CPSWALEAUTHModeSet               
8008dfd8  CPSWALEAUTHModeClear             
8008dffc  CPSWALETableEntrySet             
8008e070  CPSWALETableEntryGet             
8008e0e0  CPSWALEPrescaleGet               
8008e0fc  CPSWALEPrescaleSet               
8008e12c  CPSWALEUnknownUntaggedEgressSet  
8008e16c  CPSWALEUnknownRegFloodMaskSet    
8008e1ac  CPSWALEUnknownUnRegFloodMaskSet  
8008e1ec  CPSWALEUnknownMemberListSet      
8008e22c  CPSWALEBypassEnable              
8008e250  CPSWALEBypassDisable             
8008e274  CPSWRxFlowControlEnable          
8008e2a4  CPSWRxFlowControlDisable         
8008e2d4  CPSWSoftwareIdleEnable           
8008e2f8  CPSWSoftwareIdleDisable          
8008e320  CPSWStatisticsEnable             
8008e33c  CPSWVLANAwareEnable              
8008e360  CPSWVLANAwareDisable             
8008e384  CPSWPortSrcAddrSet               
8008e3e8  CPSWHostPortDualMacModeSet       
8008e420  CPSWPortVLANConfig               
8008e458  CPSWStatisticsGet                
8008e478  CPSWCPDMAReset                   
8008e520  CPSWCPDMATxIntEnable             
8008e550  CPSWCPDMARxIntEnable             
8008e580  CPSWCPDMATxIntDisable            
8008e5b0  CPSWCPDMARxIntDisable            
8008e5e0  CPSWCPDMATxEnable                
8008e5fc  CPSWCPDMARxEnable                
8008e618  CPSWCPDMATxHdrDescPtrWrite       
8008e644  CPSWCPDMARxHdrDescPtrWrite       
8008e670  CPSWCPDMAEndOfIntVectorWrite     
8008e690  CPSWCPDMATxCPWrite               
8008e6bc  CPSWCPDMARxCPWrite               
8008e6e8  CPSWCPDMANumFreeBufSet           
8008e714  CPSWCPDMAStatusGet               
8008e744  CPSWCPDMAConfig                  
8008e764  CPSWCPDMACmdIdleEnable           
8008e798  CPSWCPDMACmdIdleDisable          
8008e7bc  CPSWCPDMARxBufOffsetSet          
8008e7dc  CPSWCPDMATxIntStatRawGet         
8008e800  CPSWCPDMATxIntStatMaskedGet      
8008e824  CPSWCPDMARxIntStatRawGet         
8008e850  CPSWCPDMARxIntStatMaskedGet      
8008e87c  CPSWContextSave                  
8008eb60  CPSWContextRestore               
8008f174  main                             
8008f698  fs_open                          
8008fdac  httpd_init                       
8008fe38  DMTimer3ModuleClkConfig          
8008ffc4  DMTimer2ModuleClkConfig          
80090150  DMTimer4ModuleClkConfig          
800902e0  DMTimer6ModuleClkConfig          
80090350  DMTimer7ModuleClkConfig          
800904dc  DMTimer1msModuleClkConfig        
800905b8  DMTimerEnable                    
800905f8  DMTimerDisable                   
80090638  DMTimerModeConfigure             
800906b8  DMTimerPreScalerClkEnable        
80090738  DMTimerPreScalerClkDisable       
80090778  DMTimerCounterSet                
800907b4  DMTimerCounterGet                
800907e8  DMTimerReloadSet                 
80090824  DMTimerReloadGet                 
8009083c  DMTimerGPOConfigure              
800908bc  DMTimerCompareSet                
800908f8  DMTimerCompareGet                
80090910  DMTimerIntRawStatusSet           
80090934  DMTimerIntRawStatusGet           
8009094c  DMTimerIntStatusGet              
80090964  DMTimerIntStatusClear            
80090988  DMTimerIntEnable                 
800909ac  DMTimerIntDisable                
800909d0  DMTimerTriggerSet                
80090a08  DMTimerIntEnableGet              
80090a20  DMTimerResetConfigure            
80090a64  DMTimerReset                     
80090a98  DMTimerContextSave               
80090b18  DMTimerContextRestore            
80090bf8  DMTimerPostedModeConfig          
80090c3c  DMTimerWritePostedStatusGet      
80090c54  ASCIIToDigit                     
80090d28  DigitToASCII                     
80090dc4  StrToEthrAddr                    
80090ed8  EthrAddrToStr                    
80090ffc  TimeToStr                        
80091144  DateToStr                        
8009128c  PhyIDGet                         
800912f4  PhyRegRead                       
80091328  PhyRegWrite                      
8009135c  PhyLoopBackEnable                
800913b4  PhyLoopBackDisable               
8009140c  PhyReset                         
80091470  PhyConfigure                     
800914a8  PhyAutoNegotiate                 
80091608  PhyAutoNegStatusGet              
80091644  PhyPartnerAbilityGet             
800916b0  PhyLinkStatusGet                 
80091728  CP15ICacheDisable                
80091744  CP15DCacheDisable                
80091760  CP15ICacheEnable                 
80091770  CP15DCacheEnable                 
80091780  CP15DCacheFlush                  
80091814  CP15DCacheClean                  
800918a8  CP15DCacheCleanFlush             
8009193c  CP15ICacheFlush                  
8009194c  CP15DCacheCleanBuff              
800919a0  CP15DCacheCleanFlushBuff         
800919f4  CP15DCacheFlushBuff              
80091a58  CP15ICacheFlushBuff              
80091aac  CP15Ttb0Set                      
80091ab8  CP15TlbInvalidate                
80091ac4  CP15MMUDisable                   
80091adc  CP15MMUEnable                    
80091af0  CP15VectorBaseAddrSet            
80091afc  CP15BranchPredictorInvalidate    
80091b08  CP15BranchPredictionEnable       
80091b18  CP15BranchPredictionDisable      
80091b28  CP15DomainAccessClientSet        
80091b38  CP15ControlFeatureDisable        
80091b4c  CP15ControlFeatureEnable         
80091b60  CP15TtbCtlTtb0Config             
80091b70  CP15AuxControlFeatureEnable      
80091b84  CP15AuxControlFeatureDisable     
80091b98  CP15MainIdPrimPartNumGet         
80091bb4  IntRegister                      
80091bd8  IntUnRegister                    
80091bf8  IntAINTCInit                     
80091c68  IntPrioritySet                   
80091ca0  IntSystemEnable                  
80091cd4  IntSystemDisable                 
80091d08  IntIfClkFreeRunSet               
80091d1c  IntIfClkAutoGateSet              
80091d30  IntActiveIrqNumGet               
80091d40  IntSpurIrqFlagGet                
80091d54  IntProtectionEnable              
80091d64  IntProtectionDisable             
80091d78  IntSyncClkFreeRunSet             
80091d8c  IntSyncClkAutoGateSet            
80091da0  IntFuncClkFreeRunSet             
80091db4  IntFuncClkAutoGateSet            
80091dc8  IntCurrIrqPriorityGet            
80091dd8  IntPriorityThresholdGet          
80091de8  IntPriorityThresholdSet          
80091e08  IntRawStatusGet                  
80091e48  IntSoftwareIntSet                
80091e78  IntSoftwareIntClear              
80091ea8  IntPendingIrqMaskedStatusGet     
80091ee4  IntMasterIRQEnable               
80091ef0  IntMasterIRQDisable              
80091efc  IntMasterFIQEnable               
80091f08  IntMasterFIQDisable              
80091f14  IntMasterStatusGet               
80091f20  IntDisable                       
80091f38  IntEnable                        
80091f94  WatchdogTimerEnable              
80091fe0  WatchdogTimerDisable             
8009202c  WatchdogTimerRevisionIDGet       
80092044  WatchdogTimerReset               
80092078  WatchdogTimerPreScalerClkEnable  
800920e4  WatchdogTimerPreScalerClkDisable 
80092118  WatchdogTimerCounterSet          
80092148  WatchdogTimerCounterGet          
80092160  WatchdogTimerReloadSet           
80092190  WatchdogTimerReloadGet           
800921a8  WatchdogTimerTriggerSet          
800921d8  WatchdogTimerDelaySet            
80092208  WatchdogTimerDelayGet            
80092220  WatchdogTimerIntRawStatusSet     
80092244  WatchdogTimerIntRawStatusGet     
8009225c  WatchdogTimerIntStatusGet        
80092274  WatchdogTimerIntStatusClear      
80092298  WatchdogTimerIntEnable           
800922bc  WatchdogTimerIntEnableStatusGet  
800922d4  WatchdogTimerIntDisable          
800922f8  WatchdogTimerWritePostedStatusGet
8009231c  ConsoleUtilsInit                 
80092328  ConsoleUtilsSetType              
8009235c  ConsoleUtilsPrintf               
800923b4  ConsoleUtilsScanf                
8009241c  ConsoleUtilsGets                 
80092468  ConsoleUtilsPuts                 
800924a4  ConsoleUtilsGetChar              
80092514  ConsoleUtilsPutChar              
8009259c  UARTPinMuxSetup                  
800925d0  UART0ModuleClkConfig             
8009280c  CPSWPinMuxSetup                  
800928dc  CPSWClkEnable                    
80092918  EVMPortMIIModeSelect             
80092928  EVMMACAddrGet                    
80092a1c  MDIOPhyRegRead                   
80092aac  MDIOPhyRegWrite                  
80092b14  MDIOPhyAliveStatusGet            
80092b2c  MDIOPhyLinkStatusGet             
80092b44  MDIOInit                         
80092b8c  MDIOContextSave                  
80092bb0  MDIOContextRestore               
80092bd8  __aeabi_memcpy                   
80092bd8  __aeabi_memcpy4                  
80092bd8  __aeabi_memcpy8                  
80092bd8  memcpy                           
80092d58  SysDelayTimerSetup               
80092da0  Sysdelay                         
80092e1c  SysStartTimer                    
80092e6c  SysStopTimer                     
80092e88  SysIsTimerElapsed                
80092ec8  MMUInit                          
80092f28  MMUMemRegionMap                  
8009301c  MMUEnable                        
80093124  UARTConsoleInit                  
80093148  UARTConsolePutc                  
80093160  UARTConsoleGetc                  
80093184  CacheDisable                     
800931c8  CacheEnable                      
80093214  CacheInstInvalidateAll           
80093220  CacheInstInvalidateBuff          
8009323c  CacheDataCleanInvalidateAll      
80093248  CacheDataCleanAll                
80093254  CacheDataInvalidateAll           
80093260  CacheDataCleanBuff               
8009327c  CacheDataInvalidateBuff          
80093298  CacheDataCleanInvalidateBuff     
800932b4  __aeabi_idiv                     
800932b4  __aeabi_idivmod                  
800933e4  SVC_Handler                      
8009340c  IRQHandler                       
800934b8  FIQHandler                       
800934bc  AbortHandler                     
800934bc  UndefInstHandler                 
800934d4  timerInit                        
800935c8  __aeabi_uidiv                    
800935c8  __aeabi_uidivmod                 
800936b8  __aeabi_memclr                   
800936b8  __aeabi_memclr4                  
800936b8  __aeabi_memclr8                  
800936bc  __aeabi_memset                   
800936bc  __aeabi_memset4                  
800936bc  __aeabi_memset8                  
800936c8  memset                           
80093768  start_boot                       
800937e4  __TI_auto_init_nobinit_nopinit   
8009384c  CPUSwitchToPrivilegedMode        
80093854  CPUSwitchToUserMode              
80093868  CPUAbortHandler                  
8009386c  CPUirqd                          
8009387c  CPUirqe                          
8009388c  CPUfiqd                          
8009389c  CPUfiqe                          
800938ac  DelayTimerSetup                  
800938b8  delay                            
800938cc  StartTimer                       
800938e0  StopTimer                        
800938ec  IsTimerElapsed                   
800938f8  strncmp                          
8009392c  strcmp                           
80093954  strlen                           
80093970  CPUIntStatus                     
8009397c  __aeabi_idiv0                    
8009397c  __aeabi_ldiv0                    
87fffff0  __stack                          
87fffff8  __STACK_END                      
ffffffff  __TI_pprof_out_hndl              
ffffffff  __TI_prof_data_size              
ffffffff  __TI_prof_data_start             
ffffffff  __binit__                        
ffffffff  __c_args__                       
ffffffff  binit                            
UNDEFED   __TI_CINIT_Base                  
UNDEFED   __TI_CINIT_Limit                 
UNDEFED   __TI_Handler_Table_Base          
UNDEFED   __TI_Handler_Table_Limit         
UNDEFED   _system_post_cinit               

[585 symbols]
